Component: ARM Compiler 5.05 update 1 (build 106) Tool: armlink [4d0efa]

==============================================================================

Section Cross References

    main.o(.text) refers to system.o(.text) for System_Init
    main.o(.text) refers to main.o(.data) for Remote_time
    main.o(.text) refers to usart2.o(.bss) for RC_Ctl
    main.o(.text) refers to system.o(.data) for SystemMonitor
    stm32f4xx_it.o(.text) refers to stm32f4xx_it.o(.data) for sysTickUptime
    system.o(.text) refers to stm32f4xx_rcc.o(.text) for RCC_GetClocksFreq
    system.o(.text) refers to stm32f4xx_gpio.o(.text) for GPIO_ResetBits
    system.o(.text) refers to control.o(.text) for Spray_Init
    system.o(.text) refers to crc.o(.text) for CRC_init
    system.o(.text) refers to usart2.o(.text) for usart2_Init
    system.o(.text) refers to usart5.o(.text) for usart5_Init
    system.o(.text) refers to led.o(.text) for Led_Init
    system.o(.text) refers to system.o(.data) for usTicks
    system.o(.text) refers to stm32f4xx_it.o(.data) for sysTickUptime
    system.o(.text) refers to system_stm32f4xx.o(.data) for SystemCoreClock
    can1.o(.text) refers to stm32f4xx_rcc.o(.text) for RCC_AHB1PeriphClockCmd
    can1.o(.text) refers to stm32f4xx_gpio.o(.text) for GPIO_Init
    can1.o(.text) refers to misc.o(.text) for NVIC_Init
    can1.o(.text) refers to stm32f4xx_can.o(.text) for CAN_Init
    control.o(.text) refers to stm32f4xx_gpio.o(.text) for GPIO_SetBits
    control.o(.text) refers to stm32f4xx_rcc.o(.text) for RCC_AHB1PeriphClockCmd
    control.o(.text) refers to usart5.o(.bss) for VisionRecvData
    control.o(.text) refers to control.o(.data) for Connected_Time
    usart2.o(.text) refers to stm32f4xx_rcc.o(.text) for RCC_AHB1PeriphClockCmd
    usart2.o(.text) refers to stm32f4xx_gpio.o(.text) for GPIO_PinAFConfig
    usart2.o(.text) refers to stm32f4xx_usart.o(.text) for USART_DeInit
    usart2.o(.text) refers to misc.o(.text) for NVIC_Init
    usart2.o(.text) refers to stm32f4xx_dma.o(.text) for DMA_DeInit
    usart2.o(.text) refers to system.o(.text) for micros
    usart2.o(.text) refers to usart2.o(.bss) for sbus_rx_buffer
    usart2.o(.text) refers to main.o(.data) for Remote_time
    usart5.o(.text) refers to stm32f4xx_rcc.o(.text) for RCC_APB1PeriphClockCmd
    usart5.o(.text) refers to stm32f4xx_gpio.o(.text) for GPIO_PinAFConfig
    usart5.o(.text) refers to stm32f4xx_usart.o(.text) for USART_DeInit
    usart5.o(.text) refers to misc.o(.text) for NVIC_Init
    usart5.o(.text) refers to stm32f4xx_dma.o(.text) for DMA_DeInit
    usart5.o(.text) refers to crc.o(.text) for Verify_CRC8_Check_Sum
    usart5.o(.text) refers to rt_memcpy_v6.o(.text) for __aeabi_memcpy
    usart5.o(.text) refers to rt_memclr.o(.text) for __aeabi_memclr
    usart5.o(.text) refers to usart5.o(.bss) for Com5_Vision_Buffer
    usart5.o(.text) refers to usart5.o(.data) for Vision_Get_New_Data
    led.o(.text) refers to stm32f4xx_rcc.o(.text) for RCC_AHB1PeriphClockCmd
    led.o(.text) refers to stm32f4xx_gpio.o(.text) for GPIO_Init
    crc.o(.text) refers to stm32f4xx_rcc.o(.text) for RCC_AHB1PeriphClockCmd
    crc.o(.text) refers to crc.o(.constdata) for CRC8_TAB
    crc.o(.text) refers to crc.o(.data) for CRC_INIT
    stm32f4xx_gpio.o(.text) refers to stm32f4xx_rcc.o(.text) for RCC_AHB1PeriphResetCmd
    stm32f4xx_rcc.o(.text) refers to stm32f4xx_rcc.o(.data) for APBAHBPrescTable
    stm32f4xx_tim.o(.text) refers to stm32f4xx_rcc.o(.text) for RCC_APB2PeriphResetCmd
    stm32f4xx_usart.o(.text) refers to stm32f4xx_rcc.o(.text) for RCC_APB2PeriphResetCmd
    startup_stm32f40xx.o(STACK) refers (Special) to heapauxi.o(.text) for __use_two_region_memory
    startup_stm32f40xx.o(HEAP) refers (Special) to heapauxi.o(.text) for __use_two_region_memory
    startup_stm32f40xx.o(RESET) refers (Special) to heapauxi.o(.text) for __use_two_region_memory
    startup_stm32f40xx.o(RESET) refers to startup_stm32f40xx.o(STACK) for __initial_sp
    startup_stm32f40xx.o(RESET) refers to startup_stm32f40xx.o(.text) for Reset_Handler
    startup_stm32f40xx.o(RESET) refers to stm32f4xx_it.o(.text) for NMI_Handler
    startup_stm32f40xx.o(RESET) refers to usart2.o(.text) for DMA1_Stream5_IRQHandler
    startup_stm32f40xx.o(RESET) refers to can1.o(.text) for CAN1_RX0_IRQHandler
    startup_stm32f40xx.o(RESET) refers to usart5.o(.text) for UART5_IRQHandler
    startup_stm32f40xx.o(.text) refers (Special) to heapauxi.o(.text) for __use_two_region_memory
    startup_stm32f40xx.o(.text) refers to system_stm32f4xx.o(.text) for SystemInit
    startup_stm32f40xx.o(.text) refers to __main.o(!!!main) for __main
    startup_stm32f40xx.o(.text) refers to startup_stm32f40xx.o(HEAP) for Heap_Mem
    startup_stm32f40xx.o(.text) refers to startup_stm32f40xx.o(STACK) for Stack_Mem
    system_stm32f4xx.o(.text) refers to system_stm32f4xx.o(.data) for SystemCoreClock
    stm32f4xx_can.o(.text) refers to stm32f4xx_rcc.o(.text) for RCC_APB1PeriphResetCmd
    stm32f4xx_spi.o(.text) refers to stm32f4xx_rcc.o(.text) for RCC_APB2PeriphResetCmd
    stm32f4xx_adc.o(.text) refers to stm32f4xx_rcc.o(.text) for RCC_APB2PeriphResetCmd
    stm32f4xx_syscfg.o(.text) refers to stm32f4xx_rcc.o(.text) for RCC_APB2PeriphResetCmd
    rt_memcpy_v6.o(.text) refers to rt_memcpy_w.o(.text) for __aeabi_memcpy4
    rt_memclr.o(.text) refers to rt_memclr_w.o(.text) for _memset_w
    __main.o(!!!main) refers to __rtentry.o(.ARM.Collect$$rtentry$$00000000) for __rt_entry
    __rtentry.o(.ARM.Collect$$rtentry$$00000000) refers (Special) to __rtentry2.o(.ARM.Collect$$rtentry$$0000000A) for __rt_entry_li
    __rtentry.o(.ARM.Collect$$rtentry$$00000000) refers (Special) to __rtentry2.o(.ARM.Collect$$rtentry$$0000000D) for __rt_entry_main
    __rtentry.o(.ARM.Collect$$rtentry$$00000000) refers (Special) to __rtentry2.o(.ARM.Collect$$rtentry$$0000000C) for __rt_entry_postli_1
    __rtentry.o(.ARM.Collect$$rtentry$$00000000) refers (Special) to __rtentry2.o(.ARM.Collect$$rtentry$$00000009) for __rt_entry_postsh_1
    __rtentry.o(.ARM.Collect$$rtentry$$00000000) refers (Special) to __rtentry2.o(.ARM.Collect$$rtentry$$00000002) for __rt_entry_presh_1
    __rtentry.o(.ARM.Collect$$rtentry$$00000000) refers (Special) to __rtentry4.o(.ARM.Collect$$rtentry$$00000004) for __rt_entry_sh
    __rtentry2.o(.ARM.Collect$$rtentry$$00000008) refers to boardinit2.o(.text) for _platform_post_stackheap_init
    __rtentry2.o(.ARM.Collect$$rtentry$$0000000A) refers to libinit.o(.ARM.Collect$$libinit$$00000000) for __rt_lib_init
    __rtentry2.o(.ARM.Collect$$rtentry$$0000000B) refers to boardinit3.o(.text) for _platform_post_lib_init
    __rtentry2.o(.ARM.Collect$$rtentry$$0000000D) refers to main.o(.text) for main
    __rtentry2.o(.ARM.Collect$$rtentry$$0000000D) refers to exit.o(.text) for exit
    __rtentry2.o(.ARM.exidx) refers to __rtentry2.o(.ARM.Collect$$rtentry$$00000001) for .ARM.Collect$$rtentry$$00000001
    __rtentry2.o(.ARM.exidx) refers to __rtentry2.o(.ARM.Collect$$rtentry$$00000008) for .ARM.Collect$$rtentry$$00000008
    __rtentry2.o(.ARM.exidx) refers to __rtentry2.o(.ARM.Collect$$rtentry$$0000000A) for .ARM.Collect$$rtentry$$0000000A
    __rtentry2.o(.ARM.exidx) refers to __rtentry2.o(.ARM.Collect$$rtentry$$0000000B) for .ARM.Collect$$rtentry$$0000000B
    __rtentry2.o(.ARM.exidx) refers to __rtentry2.o(.ARM.Collect$$rtentry$$0000000D) for .ARM.Collect$$rtentry$$0000000D
    __rtentry4.o(.ARM.Collect$$rtentry$$00000004) refers to sys_stackheap_outer.o(.text) for __user_setup_stackheap
    __rtentry4.o(.ARM.exidx) refers to __rtentry4.o(.ARM.Collect$$rtentry$$00000004) for .ARM.Collect$$rtentry$$00000004
    sys_stackheap_outer.o(.text) refers to libspace.o(.text) for __user_perproc_libspace
    sys_stackheap_outer.o(.text) refers to startup_stm32f40xx.o(.text) for __user_initial_stackheap
    exit.o(.text) refers to rtexit.o(.ARM.Collect$$rtexit$$00000000) for __rt_exit
    libinit.o(.ARM.Collect$$libinit$$00000000) refers (Special) to libinit2.o(.ARM.Collect$$libinit$$0000002E) for __rt_lib_init_alloca_1
    libinit.o(.ARM.Collect$$libinit$$00000000) refers (Special) to libinit2.o(.ARM.Collect$$libinit$$0000002C) for __rt_lib_init_argv_1
    libinit.o(.ARM.Collect$$libinit$$00000000) refers (Special) to libinit2.o(.ARM.Collect$$libinit$$0000001B) for __rt_lib_init_atexit_1
    libinit.o(.ARM.Collect$$libinit$$00000000) refers (Special) to libinit2.o(.ARM.Collect$$libinit$$00000021) for __rt_lib_init_clock_1
    libinit.o(.ARM.Collect$$libinit$$00000000) refers (Special) to libinit2.o(.ARM.Collect$$libinit$$00000032) for __rt_lib_init_cpp_1
    libinit.o(.ARM.Collect$$libinit$$00000000) refers (Special) to libinit2.o(.ARM.Collect$$libinit$$00000030) for __rt_lib_init_exceptions_1
    libinit.o(.ARM.Collect$$libinit$$00000000) refers (Special) to libinit2.o(.ARM.Collect$$libinit$$00000001) for __rt_lib_init_fp_1
    libinit.o(.ARM.Collect$$libinit$$00000000) refers (Special) to libinit2.o(.ARM.Collect$$libinit$$0000001F) for __rt_lib_init_fp_trap_1
    libinit.o(.ARM.Collect$$libinit$$00000000) refers (Special) to libinit2.o(.ARM.Collect$$libinit$$00000023) for __rt_lib_init_getenv_1
    libinit.o(.ARM.Collect$$libinit$$00000000) refers (Special) to libinit2.o(.ARM.Collect$$libinit$$0000000A) for __rt_lib_init_heap_1
    libinit.o(.ARM.Collect$$libinit$$00000000) refers (Special) to libinit2.o(.ARM.Collect$$libinit$$00000011) for __rt_lib_init_lc_collate_1
    libinit.o(.ARM.Collect$$libinit$$00000000) refers (Special) to libinit2.o(.ARM.Collect$$libinit$$00000013) for __rt_lib_init_lc_ctype_1
    libinit.o(.ARM.Collect$$libinit$$00000000) refers (Special) to libinit2.o(.ARM.Collect$$libinit$$00000015) for __rt_lib_init_lc_monetary_1
    libinit.o(.ARM.Collect$$libinit$$00000000) refers (Special) to libinit2.o(.ARM.Collect$$libinit$$00000017) for __rt_lib_init_lc_numeric_1
    libinit.o(.ARM.Collect$$libinit$$00000000) refers (Special) to libinit2.o(.ARM.Collect$$libinit$$00000019) for __rt_lib_init_lc_time_1
    libinit.o(.ARM.Collect$$libinit$$00000000) refers (Special) to libinit2.o(.ARM.Collect$$libinit$$00000004) for __rt_lib_init_preinit_1
    libinit.o(.ARM.Collect$$libinit$$00000000) refers (Special) to libinit2.o(.ARM.Collect$$libinit$$0000000E) for __rt_lib_init_rand_1
    libinit.o(.ARM.Collect$$libinit$$00000000) refers (Special) to libinit2.o(.ARM.Collect$$libinit$$00000033) for __rt_lib_init_return
    libinit.o(.ARM.Collect$$libinit$$00000000) refers (Special) to libinit2.o(.ARM.Collect$$libinit$$0000001D) for __rt_lib_init_signal_1
    libinit.o(.ARM.Collect$$libinit$$00000000) refers (Special) to libinit2.o(.ARM.Collect$$libinit$$00000025) for __rt_lib_init_stdio_1
    libinit.o(.ARM.Collect$$libinit$$00000000) refers (Special) to libinit2.o(.ARM.Collect$$libinit$$0000000C) for __rt_lib_init_user_alloc_1
    libspace.o(.text) refers to libspace.o(.bss) for __libspace_start
    rtexit.o(.ARM.Collect$$rtexit$$00000000) refers (Special) to rtexit2.o(.ARM.Collect$$rtexit$$00000004) for __rt_exit_exit
    rtexit.o(.ARM.Collect$$rtexit$$00000000) refers (Special) to rtexit2.o(.ARM.Collect$$rtexit$$00000003) for __rt_exit_ls
    rtexit.o(.ARM.Collect$$rtexit$$00000000) refers (Special) to rtexit2.o(.ARM.Collect$$rtexit$$00000002) for __rt_exit_prels_1
    rtexit.o(.ARM.exidx) refers (Special) to rtexit2.o(.ARM.Collect$$rtexit$$00000004) for __rt_exit_exit
    rtexit.o(.ARM.exidx) refers (Special) to rtexit2.o(.ARM.Collect$$rtexit$$00000003) for __rt_exit_ls
    rtexit.o(.ARM.exidx) refers (Special) to rtexit2.o(.ARM.Collect$$rtexit$$00000002) for __rt_exit_prels_1
    rtexit.o(.ARM.exidx) refers to rtexit.o(.ARM.Collect$$rtexit$$00000000) for .ARM.Collect$$rtexit$$00000000
    libinit2.o(.ARM.Collect$$libinit$$00000001) refers to fpinit.o(x$fpl$fpinit) for _fp_init
    libinit2.o(.ARM.Collect$$libinit$$00000010) refers to libinit2.o(.ARM.Collect$$libinit$$0000000F) for .ARM.Collect$$libinit$$0000000F
    libinit2.o(.ARM.Collect$$libinit$$00000012) refers to libinit2.o(.ARM.Collect$$libinit$$0000000F) for .ARM.Collect$$libinit$$0000000F
    libinit2.o(.ARM.Collect$$libinit$$00000014) refers to libinit2.o(.ARM.Collect$$libinit$$0000000F) for .ARM.Collect$$libinit$$0000000F
    libinit2.o(.ARM.Collect$$libinit$$00000016) refers to libinit2.o(.ARM.Collect$$libinit$$0000000F) for .ARM.Collect$$libinit$$0000000F
    libinit2.o(.ARM.Collect$$libinit$$00000018) refers to libinit2.o(.ARM.Collect$$libinit$$0000000F) for .ARM.Collect$$libinit$$0000000F
    libinit2.o(.ARM.Collect$$libinit$$00000026) refers to argv_veneer.o(.emb_text) for __ARM_argv_veneer
    libinit2.o(.ARM.Collect$$libinit$$00000027) refers to argv_veneer.o(.emb_text) for __ARM_argv_veneer
    rtexit2.o(.ARM.Collect$$rtexit$$00000003) refers to libshutdown.o(.ARM.Collect$$libshutdown$$00000000) for __rt_lib_shutdown
    rtexit2.o(.ARM.Collect$$rtexit$$00000004) refers to sys_exit.o(.text) for _sys_exit
    rtexit2.o(.ARM.exidx) refers to rtexit2.o(.ARM.Collect$$rtexit$$00000001) for .ARM.Collect$$rtexit$$00000001
    rtexit2.o(.ARM.exidx) refers to rtexit2.o(.ARM.Collect$$rtexit$$00000003) for .ARM.Collect$$rtexit$$00000003
    rtexit2.o(.ARM.exidx) refers to rtexit2.o(.ARM.Collect$$rtexit$$00000004) for .ARM.Collect$$rtexit$$00000004
    argv_veneer.o(.emb_text) refers to no_argv.o(.text) for __ARM_get_argv
    sys_exit.o(.text) refers (Special) to use_no_semi.o(.text) for __I$use$semihosting
    sys_exit.o(.text) refers (Special) to indicate_semi.o(.text) for __semihosting_library_function
    _get_argv_nomalloc.o(.text) refers (Special) to hrguard.o(.text) for __heap_region$guard
    _get_argv_nomalloc.o(.text) refers to defsig_rtmem_outer.o(.text) for __rt_SIGRTMEM
    _get_argv_nomalloc.o(.text) refers to sys_command.o(.text) for _sys_command_string
    libshutdown.o(.ARM.Collect$$libshutdown$$00000000) refers (Special) to libshutdown2.o(.ARM.Collect$$libshutdown$$00000006) for __rt_lib_shutdown_fp_trap_1
    libshutdown.o(.ARM.Collect$$libshutdown$$00000000) refers (Special) to libshutdown2.o(.ARM.Collect$$libshutdown$$0000000E) for __rt_lib_shutdown_heap_1
    libshutdown.o(.ARM.Collect$$libshutdown$$00000000) refers (Special) to libshutdown2.o(.ARM.Collect$$libshutdown$$0000000F) for __rt_lib_shutdown_return
    libshutdown.o(.ARM.Collect$$libshutdown$$00000000) refers (Special) to libshutdown2.o(.ARM.Collect$$libshutdown$$00000009) for __rt_lib_shutdown_signal_1
    libshutdown.o(.ARM.Collect$$libshutdown$$00000000) refers (Special) to libshutdown2.o(.ARM.Collect$$libshutdown$$00000003) for __rt_lib_shutdown_stdio_1
    libshutdown.o(.ARM.Collect$$libshutdown$$00000000) refers (Special) to libshutdown2.o(.ARM.Collect$$libshutdown$$0000000B) for __rt_lib_shutdown_user_alloc_1
    sys_command.o(.text) refers (Special) to use_no_semi.o(.text) for __I$use$semihosting
    sys_command.o(.text) refers (Special) to indicate_semi.o(.text) for __semihosting_library_function
    defsig_rtmem_outer.o(.text) refers to defsig_rtmem_inner.o(.text) for __rt_SIGRTMEM_inner
    defsig_rtmem_outer.o(.text) refers to defsig_exit.o(.text) for __sig_exit
    defsig_rtmem_formal.o(.text) refers to rt_raise.o(.text) for __rt_raise
    rt_raise.o(.text) refers to __raise.o(.text) for __raise
    rt_raise.o(.text) refers to sys_exit.o(.text) for _sys_exit
    defsig_exit.o(.text) refers to sys_exit.o(.text) for _sys_exit
    defsig_rtmem_inner.o(.text) refers to defsig_general.o(.text) for __default_signal_display
    __raise.o(.text) refers to defsig.o(CL$$defsig) for __default_signal_handler
    defsig_general.o(.text) refers to sys_wrch.o(.text) for _ttywrch
    sys_wrch.o(.text) refers (Special) to use_no_semi.o(.text) for __I$use$semihosting
    sys_wrch.o(.text) refers (Special) to indicate_semi.o(.text) for __semihosting_library_function
    defsig.o(CL$$defsig) refers to defsig_rtmem_inner.o(.text) for __rt_SIGRTMEM_inner
    defsig_abrt_inner.o(.text) refers to defsig_general.o(.text) for __default_signal_display
    defsig_fpe_inner.o(.text) refers to defsig_general.o(.text) for __default_signal_display
    defsig_rtred_inner.o(.text) refers to defsig_general.o(.text) for __default_signal_display
    defsig_stak_inner.o(.text) refers to defsig_general.o(.text) for __default_signal_display
    defsig_pvfn_inner.o(.text) refers to defsig_general.o(.text) for __default_signal_display
    defsig_cppl_inner.o(.text) refers to defsig_general.o(.text) for __default_signal_display
    defsig_segv_inner.o(.text) refers to defsig_general.o(.text) for __default_signal_display
    defsig_other.o(.text) refers to defsig_general.o(.text) for __default_signal_display


==============================================================================

Removing Unused input sections from the image.

    Removing main.o(.rev16_text), (4 bytes).
    Removing main.o(.revsh_text), (4 bytes).
    Removing stm32f4xx_it.o(.rev16_text), (4 bytes).
    Removing stm32f4xx_it.o(.revsh_text), (4 bytes).
    Removing system.o(.rev16_text), (4 bytes).
    Removing system.o(.revsh_text), (4 bytes).
    Removing system.o(.bss), (32 bytes).
    Removing can1.o(.rev16_text), (4 bytes).
    Removing can1.o(.revsh_text), (4 bytes).
    Removing control.o(.rev16_text), (4 bytes).
    Removing control.o(.revsh_text), (4 bytes).
    Removing usart2.o(.rev16_text), (4 bytes).
    Removing usart2.o(.revsh_text), (4 bytes).
    Removing usart5.o(.rev16_text), (4 bytes).
    Removing usart5.o(.revsh_text), (4 bytes).
    Removing led.o(.rev16_text), (4 bytes).
    Removing led.o(.revsh_text), (4 bytes).
    Removing crc.o(.rev16_text), (4 bytes).
    Removing crc.o(.revsh_text), (4 bytes).
    Removing misc.o(.rev16_text), (4 bytes).
    Removing misc.o(.revsh_text), (4 bytes).
    Removing stm32f4xx_gpio.o(.rev16_text), (4 bytes).
    Removing stm32f4xx_gpio.o(.revsh_text), (4 bytes).
    Removing stm32f4xx_rcc.o(.rev16_text), (4 bytes).
    Removing stm32f4xx_rcc.o(.revsh_text), (4 bytes).
    Removing stm32f4xx_tim.o(.rev16_text), (4 bytes).
    Removing stm32f4xx_tim.o(.revsh_text), (4 bytes).
    Removing stm32f4xx_tim.o(.text), (3234 bytes).
    Removing stm32f4xx_usart.o(.rev16_text), (4 bytes).
    Removing stm32f4xx_usart.o(.revsh_text), (4 bytes).
    Removing system_stm32f4xx.o(.rev16_text), (4 bytes).
    Removing system_stm32f4xx.o(.revsh_text), (4 bytes).
    Removing stm32f4xx_can.o(.rev16_text), (4 bytes).
    Removing stm32f4xx_can.o(.revsh_text), (4 bytes).
    Removing stm32f4xx_dma.o(.rev16_text), (4 bytes).
    Removing stm32f4xx_dma.o(.revsh_text), (4 bytes).
    Removing stm32f4xx_exti.o(.rev16_text), (4 bytes).
    Removing stm32f4xx_exti.o(.revsh_text), (4 bytes).
    Removing stm32f4xx_exti.o(.text), (272 bytes).
    Removing stm32f4xx_flash.o(.rev16_text), (4 bytes).
    Removing stm32f4xx_flash.o(.revsh_text), (4 bytes).
    Removing stm32f4xx_flash.o(.text), (1684 bytes).
    Removing stm32f4xx_spi.o(.rev16_text), (4 bytes).
    Removing stm32f4xx_spi.o(.revsh_text), (4 bytes).
    Removing stm32f4xx_spi.o(.text), (1102 bytes).
    Removing stm32f4xx_adc.o(.rev16_text), (4 bytes).
    Removing stm32f4xx_adc.o(.revsh_text), (4 bytes).
    Removing stm32f4xx_adc.o(.text), (1124 bytes).
    Removing stm32f4xx_syscfg.o(.rev16_text), (4 bytes).
    Removing stm32f4xx_syscfg.o(.revsh_text), (4 bytes).
    Removing stm32f4xx_syscfg.o(.text), (148 bytes).

51 unused section(s) (total 7772 bytes) removed from the image.

==============================================================================

Image Symbol Table

    Local Symbols

    Symbol Name                              Value     Ov Type        Size  Object(Section)

    ../clib/angel/boardlib.s                 0x00000000   Number         0  boardinit1.o ABSOLUTE
    ../clib/angel/boardlib.s                 0x00000000   Number         0  boardshut.o ABSOLUTE
    ../clib/angel/boardlib.s                 0x00000000   Number         0  boardinit3.o ABSOLUTE
    ../clib/angel/boardlib.s                 0x00000000   Number         0  boardinit2.o ABSOLUTE
    ../clib/angel/handlers.s                 0x00000000   Number         0  __scatter_zi.o ABSOLUTE
    ../clib/angel/handlers.s                 0x00000000   Number         0  __scatter_copy.o ABSOLUTE
    ../clib/angel/kernel.s                   0x00000000   Number         0  rtexit.o ABSOLUTE
    ../clib/angel/kernel.s                   0x00000000   Number         0  rtexit2.o ABSOLUTE
    ../clib/angel/kernel.s                   0x00000000   Number         0  __rtentry4.o ABSOLUTE
    ../clib/angel/kernel.s                   0x00000000   Number         0  __rtentry2.o ABSOLUTE
    ../clib/angel/kernel.s                   0x00000000   Number         0  __rtentry.o ABSOLUTE
    ../clib/angel/rt.s                       0x00000000   Number         0  rt_raise.o ABSOLUTE
    ../clib/angel/scatter.s                  0x00000000   Number         0  __scatter.o ABSOLUTE
    ../clib/angel/startup.s                  0x00000000   Number         0  __main.o ABSOLUTE
    ../clib/angel/sys.s                      0x00000000   Number         0  libspace.o ABSOLUTE
    ../clib/angel/sys.s                      0x00000000   Number         0  indicate_semi.o ABSOLUTE
    ../clib/angel/sys.s                      0x00000000   Number         0  sys_stackheap_outer.o ABSOLUTE
    ../clib/angel/sys.s                      0x00000000   Number         0  use_no_semi.o ABSOLUTE
    ../clib/angel/sysapp.c                   0x00000000   Number         0  sys_exit.o ABSOLUTE
    ../clib/angel/sysapp.c                   0x00000000   Number         0  sys_command.o ABSOLUTE
    ../clib/angel/sysapp.c                   0x00000000   Number         0  sys_wrch.o ABSOLUTE
    ../clib/armsys.c                         0x00000000   Number         0  argv_veneer.o ABSOLUTE
    ../clib/armsys.c                         0x00000000   Number         0  argv_veneer.o ABSOLUTE
    ../clib/armsys.c                         0x00000000   Number         0  _get_argv_nomalloc.o ABSOLUTE
    ../clib/armsys.c                         0x00000000   Number         0  no_argv.o ABSOLUTE
    ../clib/heapalloc.c                      0x00000000   Number         0  hrguard.o ABSOLUTE
    ../clib/heapaux.c                        0x00000000   Number         0  heapauxi.o ABSOLUTE
    ../clib/libinit.s                        0x00000000   Number         0  libshutdown.o ABSOLUTE
    ../clib/libinit.s                        0x00000000   Number         0  libinit2.o ABSOLUTE
    ../clib/libinit.s                        0x00000000   Number         0  libinit.o ABSOLUTE
    ../clib/libinit.s                        0x00000000   Number         0  libshutdown2.o ABSOLUTE
    ../clib/memcpset.s                       0x00000000   Number         0  rt_memcpy_v6.o ABSOLUTE
    ../clib/memcpset.s                       0x00000000   Number         0  rt_memclr.o ABSOLUTE
    ../clib/memcpset.s                       0x00000000   Number         0  rt_memcpy_w.o ABSOLUTE
    ../clib/memcpset.s                       0x00000000   Number         0  rt_memclr_w.o ABSOLUTE
    ../clib/signal.c                         0x00000000   Number         0  defsig_rtmem_formal.o ABSOLUTE
    ../clib/signal.c                         0x00000000   Number         0  defsig_rtmem_outer.o ABSOLUTE
    ../clib/signal.c                         0x00000000   Number         0  defsig_fpe_inner.o ABSOLUTE
    ../clib/signal.c                         0x00000000   Number         0  defsig_other.o ABSOLUTE
    ../clib/signal.c                         0x00000000   Number         0  defsig_segv_inner.o ABSOLUTE
    ../clib/signal.c                         0x00000000   Number         0  defsig_cppl_inner.o ABSOLUTE
    ../clib/signal.c                         0x00000000   Number         0  defsig_pvfn_inner.o ABSOLUTE
    ../clib/signal.c                         0x00000000   Number         0  defsig_stak_inner.o ABSOLUTE
    ../clib/signal.c                         0x00000000   Number         0  defsig_rtred_inner.o ABSOLUTE
    ../clib/signal.c                         0x00000000   Number         0  defsig_abrt_inner.o ABSOLUTE
    ../clib/signal.c                         0x00000000   Number         0  defsig_general.o ABSOLUTE
    ../clib/signal.c                         0x00000000   Number         0  __raise.o ABSOLUTE
    ../clib/signal.c                         0x00000000   Number         0  defsig_rtmem_inner.o ABSOLUTE
    ../clib/signal.c                         0x00000000   Number         0  defsig_exit.o ABSOLUTE
    ../clib/signal.s                         0x00000000   Number         0  defsig.o ABSOLUTE
    ../clib/stdlib.c                         0x00000000   Number         0  exit.o ABSOLUTE
    ../fplib/fpinit.s                        0x00000000   Number         0  fpinit.o ABSOLUTE
    ..\APP\main.c                            0x00000000   Number         0  main.o ABSOLUTE
    ..\APP\stm32f4xx_it.c                    0x00000000   Number         0  stm32f4xx_it.o ABSOLUTE
    ..\APP\system.c                          0x00000000   Number         0  system.o ABSOLUTE
    ..\BSP\can1.c                            0x00000000   Number         0  can1.o ABSOLUTE
    ..\BSP\control.c                         0x00000000   Number         0  control.o ABSOLUTE
    ..\BSP\crc.c                             0x00000000   Number         0  crc.o ABSOLUTE
    ..\BSP\led.c                             0x00000000   Number         0  led.o ABSOLUTE
    ..\BSP\usart2.c                          0x00000000   Number         0  usart2.o ABSOLUTE
    ..\BSP\usart5.c                          0x00000000   Number         0  usart5.o ABSOLUTE
    ..\Libraries\cmsis\system_stm32f4xx.c    0x00000000   Number         0  system_stm32f4xx.o ABSOLUTE
    ..\Libraries\src\misc.c                  0x00000000   Number         0  misc.o ABSOLUTE
    ..\Libraries\src\stm32f4xx_adc.c         0x00000000   Number         0  stm32f4xx_adc.o ABSOLUTE
    ..\Libraries\src\stm32f4xx_can.c         0x00000000   Number         0  stm32f4xx_can.o ABSOLUTE
    ..\Libraries\src\stm32f4xx_dma.c         0x00000000   Number         0  stm32f4xx_dma.o ABSOLUTE
    ..\Libraries\src\stm32f4xx_exti.c        0x00000000   Number         0  stm32f4xx_exti.o ABSOLUTE
    ..\Libraries\src\stm32f4xx_flash.c       0x00000000   Number         0  stm32f4xx_flash.o ABSOLUTE
    ..\Libraries\src\stm32f4xx_gpio.c        0x00000000   Number         0  stm32f4xx_gpio.o ABSOLUTE
    ..\Libraries\src\stm32f4xx_rcc.c         0x00000000   Number         0  stm32f4xx_rcc.o ABSOLUTE
    ..\Libraries\src\stm32f4xx_spi.c         0x00000000   Number         0  stm32f4xx_spi.o ABSOLUTE
    ..\Libraries\src\stm32f4xx_syscfg.c      0x00000000   Number         0  stm32f4xx_syscfg.o ABSOLUTE
    ..\Libraries\src\stm32f4xx_tim.c         0x00000000   Number         0  stm32f4xx_tim.o ABSOLUTE
    ..\Libraries\src\stm32f4xx_usart.c       0x00000000   Number         0  stm32f4xx_usart.o ABSOLUTE
    ..\Libraries\startup\startup_stm32f40xx.s 0x00000000   Number         0  startup_stm32f40xx.o ABSOLUTE
    ..\\APP\\main.c                          0x00000000   Number         0  main.o ABSOLUTE
    ..\\APP\\stm32f4xx_it.c                  0x00000000   Number         0  stm32f4xx_it.o ABSOLUTE
    ..\\APP\\system.c                        0x00000000   Number         0  system.o ABSOLUTE
    ..\\BSP\\can1.c                          0x00000000   Number         0  can1.o ABSOLUTE
    ..\\BSP\\control.c                       0x00000000   Number         0  control.o ABSOLUTE
    ..\\BSP\\crc.c                           0x00000000   Number         0  crc.o ABSOLUTE
    ..\\BSP\\led.c                           0x00000000   Number         0  led.o ABSOLUTE
    ..\\BSP\\usart2.c                        0x00000000   Number         0  usart2.o ABSOLUTE
    ..\\BSP\\usart5.c                        0x00000000   Number         0  usart5.o ABSOLUTE
    ..\\Libraries\\cmsis\\system_stm32f4xx.c 0x00000000   Number         0  system_stm32f4xx.o ABSOLUTE
    ..\\Libraries\\src\\misc.c               0x00000000   Number         0  misc.o ABSOLUTE
    ..\\Libraries\\src\\stm32f4xx_adc.c      0x00000000   Number         0  stm32f4xx_adc.o ABSOLUTE
    ..\\Libraries\\src\\stm32f4xx_can.c      0x00000000   Number         0  stm32f4xx_can.o ABSOLUTE
    ..\\Libraries\\src\\stm32f4xx_dma.c      0x00000000   Number         0  stm32f4xx_dma.o ABSOLUTE
    ..\\Libraries\\src\\stm32f4xx_exti.c     0x00000000   Number         0  stm32f4xx_exti.o ABSOLUTE
    ..\\Libraries\\src\\stm32f4xx_flash.c    0x00000000   Number         0  stm32f4xx_flash.o ABSOLUTE
    ..\\Libraries\\src\\stm32f4xx_gpio.c     0x00000000   Number         0  stm32f4xx_gpio.o ABSOLUTE
    ..\\Libraries\\src\\stm32f4xx_rcc.c      0x00000000   Number         0  stm32f4xx_rcc.o ABSOLUTE
    ..\\Libraries\\src\\stm32f4xx_spi.c      0x00000000   Number         0  stm32f4xx_spi.o ABSOLUTE
    ..\\Libraries\\src\\stm32f4xx_syscfg.c   0x00000000   Number         0  stm32f4xx_syscfg.o ABSOLUTE
    ..\\Libraries\\src\\stm32f4xx_tim.c      0x00000000   Number         0  stm32f4xx_tim.o ABSOLUTE
    ..\\Libraries\\src\\stm32f4xx_usart.c    0x00000000   Number         0  stm32f4xx_usart.o ABSOLUTE
    dc.s                                     0x00000000   Number         0  dc.o ABSOLUTE
    RESET                                    0x08000000   Section      392  startup_stm32f40xx.o(RESET)
    !!!main                                  0x08000188   Section        8  __main.o(!!!main)
    !!!scatter                               0x08000190   Section       52  __scatter.o(!!!scatter)
    !!handler_copy                           0x080001c4   Section       26  __scatter_copy.o(!!handler_copy)
    !!handler_zi                             0x080001e0   Section       28  __scatter_zi.o(!!handler_zi)
    .ARM.Collect$$libinit$$00000000          0x080001fc   Section        2  libinit.o(.ARM.Collect$$libinit$$00000000)
    .ARM.Collect$$libinit$$00000001          0x080001fe   Section        4  libinit2.o(.ARM.Collect$$libinit$$00000001)
    .ARM.Collect$$libinit$$00000004          0x08000202   Section        0  libinit2.o(.ARM.Collect$$libinit$$00000004)
    .ARM.Collect$$libinit$$0000000A          0x08000202   Section        0  libinit2.o(.ARM.Collect$$libinit$$0000000A)
    .ARM.Collect$$libinit$$0000000C          0x08000202   Section        0  libinit2.o(.ARM.Collect$$libinit$$0000000C)
    .ARM.Collect$$libinit$$0000000E          0x08000202   Section        0  libinit2.o(.ARM.Collect$$libinit$$0000000E)
    .ARM.Collect$$libinit$$00000011          0x08000202   Section        0  libinit2.o(.ARM.Collect$$libinit$$00000011)
    .ARM.Collect$$libinit$$00000013          0x08000202   Section        0  libinit2.o(.ARM.Collect$$libinit$$00000013)
    .ARM.Collect$$libinit$$00000015          0x08000202   Section        0  libinit2.o(.ARM.Collect$$libinit$$00000015)
    .ARM.Collect$$libinit$$00000017          0x08000202   Section        0  libinit2.o(.ARM.Collect$$libinit$$00000017)
    .ARM.Collect$$libinit$$00000019          0x08000202   Section        0  libinit2.o(.ARM.Collect$$libinit$$00000019)
    .ARM.Collect$$libinit$$0000001B          0x08000202   Section        0  libinit2.o(.ARM.Collect$$libinit$$0000001B)
    .ARM.Collect$$libinit$$0000001D          0x08000202   Section        0  libinit2.o(.ARM.Collect$$libinit$$0000001D)
    .ARM.Collect$$libinit$$0000001F          0x08000202   Section        0  libinit2.o(.ARM.Collect$$libinit$$0000001F)
    .ARM.Collect$$libinit$$00000021          0x08000202   Section        0  libinit2.o(.ARM.Collect$$libinit$$00000021)
    .ARM.Collect$$libinit$$00000023          0x08000202   Section        0  libinit2.o(.ARM.Collect$$libinit$$00000023)
    .ARM.Collect$$libinit$$00000025          0x08000202   Section        0  libinit2.o(.ARM.Collect$$libinit$$00000025)
    .ARM.Collect$$libinit$$0000002C          0x08000202   Section        0  libinit2.o(.ARM.Collect$$libinit$$0000002C)
    .ARM.Collect$$libinit$$0000002E          0x08000202   Section        0  libinit2.o(.ARM.Collect$$libinit$$0000002E)
    .ARM.Collect$$libinit$$00000030          0x08000202   Section        0  libinit2.o(.ARM.Collect$$libinit$$00000030)
    .ARM.Collect$$libinit$$00000032          0x08000202   Section        0  libinit2.o(.ARM.Collect$$libinit$$00000032)
    .ARM.Collect$$libinit$$00000033          0x08000202   Section        2  libinit2.o(.ARM.Collect$$libinit$$00000033)
    .ARM.Collect$$libshutdown$$00000000      0x08000204   Section        2  libshutdown.o(.ARM.Collect$$libshutdown$$00000000)
    .ARM.Collect$$libshutdown$$00000003      0x08000206   Section        0  libshutdown2.o(.ARM.Collect$$libshutdown$$00000003)
    .ARM.Collect$$libshutdown$$00000006      0x08000206   Section        0  libshutdown2.o(.ARM.Collect$$libshutdown$$00000006)
    .ARM.Collect$$libshutdown$$00000009      0x08000206   Section        0  libshutdown2.o(.ARM.Collect$$libshutdown$$00000009)
    .ARM.Collect$$libshutdown$$0000000B      0x08000206   Section        0  libshutdown2.o(.ARM.Collect$$libshutdown$$0000000B)
    .ARM.Collect$$libshutdown$$0000000E      0x08000206   Section        0  libshutdown2.o(.ARM.Collect$$libshutdown$$0000000E)
    .ARM.Collect$$libshutdown$$0000000F      0x08000206   Section        2  libshutdown2.o(.ARM.Collect$$libshutdown$$0000000F)
    .ARM.Collect$$rtentry$$00000000          0x08000208   Section        0  __rtentry.o(.ARM.Collect$$rtentry$$00000000)
    .ARM.Collect$$rtentry$$00000002          0x08000208   Section        0  __rtentry2.o(.ARM.Collect$$rtentry$$00000002)
    .ARM.Collect$$rtentry$$00000004          0x08000208   Section        6  __rtentry4.o(.ARM.Collect$$rtentry$$00000004)
    .ARM.Collect$$rtentry$$00000009          0x0800020e   Section        0  __rtentry2.o(.ARM.Collect$$rtentry$$00000009)
    .ARM.Collect$$rtentry$$0000000A          0x0800020e   Section        4  __rtentry2.o(.ARM.Collect$$rtentry$$0000000A)
    .ARM.Collect$$rtentry$$0000000C          0x08000212   Section        0  __rtentry2.o(.ARM.Collect$$rtentry$$0000000C)
    .ARM.Collect$$rtentry$$0000000D          0x08000212   Section        8  __rtentry2.o(.ARM.Collect$$rtentry$$0000000D)
    .ARM.Collect$$rtexit$$00000000           0x0800021a   Section        2  rtexit.o(.ARM.Collect$$rtexit$$00000000)
    .ARM.Collect$$rtexit$$00000002           0x0800021c   Section        0  rtexit2.o(.ARM.Collect$$rtexit$$00000002)
    .ARM.Collect$$rtexit$$00000003           0x0800021c   Section        4  rtexit2.o(.ARM.Collect$$rtexit$$00000003)
    .ARM.Collect$$rtexit$$00000004           0x08000220   Section        6  rtexit2.o(.ARM.Collect$$rtexit$$00000004)
    .text                                    0x08000228   Section        0  main.o(.text)
    .text                                    0x08000280   Section        0  stm32f4xx_it.o(.text)
    .text                                    0x080002a8   Section        0  system.o(.text)
    SysTick_Config                           0x080002a9   Thumb Code    74  system.o(.text)
    cycleCounterInit                         0x0800035f   Thumb Code    22  system.o(.text)
    .text                                    0x080004a0   Section        0  can1.o(.text)
    .text                                    0x08000604   Section        0  control.o(.text)
    .text                                    0x080006b0   Section        0  usart2.o(.text)
    .text                                    0x08000944   Section        0  usart5.o(.text)
    .text                                    0x08000b90   Section        0  led.o(.text)
    .text                                    0x08000bf0   Section        0  crc.o(.text)
    .text                                    0x08000d10   Section        0  misc.o(.text)
    .text                                    0x08000df0   Section        0  stm32f4xx_gpio.o(.text)
    .text                                    0x08001084   Section        0  stm32f4xx_rcc.o(.text)
    .text                                    0x080016b8   Section        0  stm32f4xx_usart.o(.text)
    .text                                    0x08001b0c   Section       64  startup_stm32f40xx.o(.text)
    $v0                                      0x08001b0c   Number         0  startup_stm32f40xx.o(.text)
    .text                                    0x08001b4c   Section        0  system_stm32f4xx.o(.text)
    SetSysClock                              0x08001b4d   Thumb Code   220  system_stm32f4xx.o(.text)
    .text                                    0x08001d5c   Section        0  stm32f4xx_can.o(.text)
    CheckITStatus                            0x0800255f   Thumb Code    18  stm32f4xx_can.o(.text)
    .text                                    0x0800274c   Section        0  stm32f4xx_dma.o(.text)
    .text                                    0x08002af4   Section      138  rt_memcpy_v6.o(.text)
    .text                                    0x08002b7e   Section       68  rt_memclr.o(.text)
    .text                                    0x08002bc2   Section        0  heapauxi.o(.text)
    .text                                    0x08002bc8   Section      100  rt_memcpy_w.o(.text)
    .text                                    0x08002c2c   Section       78  rt_memclr_w.o(.text)
    .text                                    0x08002c7a   Section       74  sys_stackheap_outer.o(.text)
    .text                                    0x08002cc4   Section        0  exit.o(.text)
    .text                                    0x08002cd0   Section        8  libspace.o(.text)
    .text                                    0x08002cd8   Section        0  sys_exit.o(.text)
    .text                                    0x08002ce4   Section        2  use_no_semi.o(.text)
    .text                                    0x08002ce6   Section        0  indicate_semi.o(.text)
    x$fpl$fpinit                             0x08002ce6   Section       10  fpinit.o(x$fpl$fpinit)
    $v0                                      0x08002ce6   Number         0  fpinit.o(x$fpl$fpinit)
    .constdata                               0x08002cf0   Section      770  crc.o(.constdata)
    .data                                    0x20000000   Section        4  main.o(.data)
    .data                                    0x20000004   Section        4  stm32f4xx_it.o(.data)
    .data                                    0x20000008   Section       32  system.o(.data)
    usTicks                                  0x20000008   Data           4  system.o(.data)
    currentTime                              0x20000020   Data           4  system.o(.data)
    loopTime_1ms                             0x20000024   Data           4  system.o(.data)
    .data                                    0x20000028   Section        5  control.o(.data)
    .data                                    0x20000030   Section       11  usart5.o(.data)
    .data                                    0x2000003c   Section        2  crc.o(.data)
    .data                                    0x2000003e   Section       16  stm32f4xx_rcc.o(.data)
    APBAHBPrescTable                         0x2000003e   Data          16  stm32f4xx_rcc.o(.data)
    .data                                    0x20000050   Section       20  system_stm32f4xx.o(.data)
    .bss                                     0x20000064   Section       46  usart2.o(.bss)
    .bss                                     0x20000092   Section      172  usart5.o(.bss)
    .bss                                     0x20000140   Section       96  libspace.o(.bss)
    HEAP                                     0x200001a0   Section      512  startup_stm32f40xx.o(HEAP)
    Heap_Mem                                 0x200001a0   Data         512  startup_stm32f40xx.o(HEAP)
    STACK                                    0x200003a0   Section     1024  startup_stm32f40xx.o(STACK)
    Stack_Mem                                0x200003a0   Data        1024  startup_stm32f40xx.o(STACK)
    __initial_sp                             0x200007a0   Data           0  startup_stm32f40xx.o(STACK)

    Global Symbols

    Symbol Name                              Value     Ov Type        Size  Object(Section)

    BuildAttributes$$THM_ISAv4$E$P$D$K$B$S$7EM$VFPi3$EXTD16$VFPS$VFMA$PE$A:L22UL41UL21$X:L11$S22US41US21$IEEE1$IW$USESV6$~STKCKD$USESV7$~SHL$OSPACE$ROPI$EBA8$UX$STANDARDLIB$REQ8$PRES8$EABIv2 0x00000000   Number         0  anon$$obj.o ABSOLUTE
    __ARM_use_no_argv                        0x00000000   Number         0  main.o ABSOLUTE
    __ARM_exceptions_init                     - Undefined Weak Reference
    __alloca_initialize                       - Undefined Weak Reference
    __arm_preinit_                            - Undefined Weak Reference
    __cpp_initialize__aeabi_                  - Undefined Weak Reference
    __cxa_finalize                            - Undefined Weak Reference
    __rt_locale                               - Undefined Weak Reference
    __sigvec_lookup                           - Undefined Weak Reference
    _atexit_init                              - Undefined Weak Reference
    _call_atexit_fns                          - Undefined Weak Reference
    _clock_init                               - Undefined Weak Reference
    _fp_trap_init                             - Undefined Weak Reference
    _fp_trap_shutdown                         - Undefined Weak Reference
    _get_lc_collate                           - Undefined Weak Reference
    _get_lc_ctype                             - Undefined Weak Reference
    _get_lc_monetary                          - Undefined Weak Reference
    _get_lc_numeric                           - Undefined Weak Reference
    _get_lc_time                              - Undefined Weak Reference
    _getenv_init                              - Undefined Weak Reference
    _handle_redirection                       - Undefined Weak Reference
    _init_alloc                               - Undefined Weak Reference
    _init_user_alloc                          - Undefined Weak Reference
    _initio                                   - Undefined Weak Reference
    _rand_init                                - Undefined Weak Reference
    _signal_finish                            - Undefined Weak Reference
    _signal_init                              - Undefined Weak Reference
    _terminate_alloc                          - Undefined Weak Reference
    _terminate_user_alloc                     - Undefined Weak Reference
    _terminateio                              - Undefined Weak Reference
    __Vectors_Size                           0x00000188   Number         0  startup_stm32f40xx.o ABSOLUTE
    __Vectors                                0x08000000   Data           4  startup_stm32f40xx.o(RESET)
    __Vectors_End                            0x08000188   Data           0  startup_stm32f40xx.o(RESET)
    __main                                   0x08000189   Thumb Code     8  __main.o(!!!main)
    __scatterload                            0x08000191   Thumb Code     0  __scatter.o(!!!scatter)
    __scatterload_rt2                        0x08000191   Thumb Code    44  __scatter.o(!!!scatter)
    __scatterload_rt2_thumb_only             0x08000191   Thumb Code     0  __scatter.o(!!!scatter)
    __scatterload_null                       0x0800019f   Thumb Code     0  __scatter.o(!!!scatter)
    __scatterload_copy                       0x080001c5   Thumb Code    26  __scatter_copy.o(!!handler_copy)
    __scatterload_zeroinit                   0x080001e1   Thumb Code    28  __scatter_zi.o(!!handler_zi)
    __rt_lib_init                            0x080001fd   Thumb Code     0  libinit.o(.ARM.Collect$$libinit$$00000000)
    __rt_lib_init_fp_1                       0x080001ff   Thumb Code     0  libinit2.o(.ARM.Collect$$libinit$$00000001)
    __rt_lib_init_alloca_1                   0x08000203   Thumb Code     0  libinit2.o(.ARM.Collect$$libinit$$0000002E)
    __rt_lib_init_argv_1                     0x08000203   Thumb Code     0  libinit2.o(.ARM.Collect$$libinit$$0000002C)
    __rt_lib_init_atexit_1                   0x08000203   Thumb Code     0  libinit2.o(.ARM.Collect$$libinit$$0000001B)
    __rt_lib_init_clock_1                    0x08000203   Thumb Code     0  libinit2.o(.ARM.Collect$$libinit$$00000021)
    __rt_lib_init_cpp_1                      0x08000203   Thumb Code     0  libinit2.o(.ARM.Collect$$libinit$$00000032)
    __rt_lib_init_exceptions_1               0x08000203   Thumb Code     0  libinit2.o(.ARM.Collect$$libinit$$00000030)
    __rt_lib_init_fp_trap_1                  0x08000203   Thumb Code     0  libinit2.o(.ARM.Collect$$libinit$$0000001F)
    __rt_lib_init_getenv_1                   0x08000203   Thumb Code     0  libinit2.o(.ARM.Collect$$libinit$$00000023)
    __rt_lib_init_heap_1                     0x08000203   Thumb Code     0  libinit2.o(.ARM.Collect$$libinit$$0000000A)
    __rt_lib_init_lc_collate_1               0x08000203   Thumb Code     0  libinit2.o(.ARM.Collect$$libinit$$00000011)
    __rt_lib_init_lc_ctype_1                 0x08000203   Thumb Code     0  libinit2.o(.ARM.Collect$$libinit$$00000013)
    __rt_lib_init_lc_monetary_1              0x08000203   Thumb Code     0  libinit2.o(.ARM.Collect$$libinit$$00000015)
    __rt_lib_init_lc_numeric_1               0x08000203   Thumb Code     0  libinit2.o(.ARM.Collect$$libinit$$00000017)
    __rt_lib_init_lc_time_1                  0x08000203   Thumb Code     0  libinit2.o(.ARM.Collect$$libinit$$00000019)
    __rt_lib_init_preinit_1                  0x08000203   Thumb Code     0  libinit2.o(.ARM.Collect$$libinit$$00000004)
    __rt_lib_init_rand_1                     0x08000203   Thumb Code     0  libinit2.o(.ARM.Collect$$libinit$$0000000E)
    __rt_lib_init_return                     0x08000203   Thumb Code     0  libinit2.o(.ARM.Collect$$libinit$$00000033)
    __rt_lib_init_signal_1                   0x08000203   Thumb Code     0  libinit2.o(.ARM.Collect$$libinit$$0000001D)
    __rt_lib_init_stdio_1                    0x08000203   Thumb Code     0  libinit2.o(.ARM.Collect$$libinit$$00000025)
    __rt_lib_init_user_alloc_1               0x08000203   Thumb Code     0  libinit2.o(.ARM.Collect$$libinit$$0000000C)
    __rt_lib_shutdown                        0x08000205   Thumb Code     0  libshutdown.o(.ARM.Collect$$libshutdown$$00000000)
    __rt_lib_shutdown_fp_trap_1              0x08000207   Thumb Code     0  libshutdown2.o(.ARM.Collect$$libshutdown$$00000006)
    __rt_lib_shutdown_heap_1                 0x08000207   Thumb Code     0  libshutdown2.o(.ARM.Collect$$libshutdown$$0000000E)
    __rt_lib_shutdown_return                 0x08000207   Thumb Code     0  libshutdown2.o(.ARM.Collect$$libshutdown$$0000000F)
    __rt_lib_shutdown_signal_1               0x08000207   Thumb Code     0  libshutdown2.o(.ARM.Collect$$libshutdown$$00000009)
    __rt_lib_shutdown_stdio_1                0x08000207   Thumb Code     0  libshutdown2.o(.ARM.Collect$$libshutdown$$00000003)
    __rt_lib_shutdown_user_alloc_1           0x08000207   Thumb Code     0  libshutdown2.o(.ARM.Collect$$libshutdown$$0000000B)
    __rt_entry                               0x08000209   Thumb Code     0  __rtentry.o(.ARM.Collect$$rtentry$$00000000)
    __rt_entry_presh_1                       0x08000209   Thumb Code     0  __rtentry2.o(.ARM.Collect$$rtentry$$00000002)
    __rt_entry_sh                            0x08000209   Thumb Code     0  __rtentry4.o(.ARM.Collect$$rtentry$$00000004)
    __rt_entry_li                            0x0800020f   Thumb Code     0  __rtentry2.o(.ARM.Collect$$rtentry$$0000000A)
    __rt_entry_postsh_1                      0x0800020f   Thumb Code     0  __rtentry2.o(.ARM.Collect$$rtentry$$00000009)
    __rt_entry_main                          0x08000213   Thumb Code     0  __rtentry2.o(.ARM.Collect$$rtentry$$0000000D)
    __rt_entry_postli_1                      0x08000213   Thumb Code     0  __rtentry2.o(.ARM.Collect$$rtentry$$0000000C)
    __rt_exit                                0x0800021b   Thumb Code     0  rtexit.o(.ARM.Collect$$rtexit$$00000000)
    __rt_exit_ls                             0x0800021d   Thumb Code     0  rtexit2.o(.ARM.Collect$$rtexit$$00000003)
    __rt_exit_prels_1                        0x0800021d   Thumb Code     0  rtexit2.o(.ARM.Collect$$rtexit$$00000002)
    __rt_exit_exit                           0x08000221   Thumb Code     0  rtexit2.o(.ARM.Collect$$rtexit$$00000004)
    main                                     0x08000229   Thumb Code    76  main.o(.text)
    NMI_Handler                              0x08000281   Thumb Code     2  stm32f4xx_it.o(.text)
    HardFault_Handler                        0x08000283   Thumb Code     4  stm32f4xx_it.o(.text)
    MemManage_Handler                        0x08000287   Thumb Code     4  stm32f4xx_it.o(.text)
    BusFault_Handler                         0x0800028b   Thumb Code     4  stm32f4xx_it.o(.text)
    UsageFault_Handler                       0x0800028f   Thumb Code     4  stm32f4xx_it.o(.text)
    SVC_Handler                              0x08000293   Thumb Code     2  stm32f4xx_it.o(.text)
    DebugMon_Handler                         0x08000295   Thumb Code     2  stm32f4xx_it.o(.text)
    PendSV_Handler                           0x08000297   Thumb Code     2  stm32f4xx_it.o(.text)
    SysTick_Handler                          0x08000299   Thumb Code    12  stm32f4xx_it.o(.text)
    constrain                                0x080002f3   Thumb Code    42  system.o(.text)
    constrain_int32                          0x0800031d   Thumb Code    22  system.o(.text)
    constrain_int16                          0x08000333   Thumb Code    22  system.o(.text)
    constrain_int                            0x08000349   Thumb Code    22  system.o(.text)
    micros                                   0x08000375   Thumb Code    58  system.o(.text)
    delay_us                                 0x080003af   Thumb Code    24  system.o(.text)
    delay_ms                                 0x080003c7   Thumb Code    24  system.o(.text)
    millis                                   0x080003df   Thumb Code     6  system.o(.text)
    systemInit                               0x080003e5   Thumb Code    26  system.o(.text)
    Stop                                     0x080003ff   Thumb Code    14  system.o(.text)
    Parameter_Init                           0x0800040d   Thumb Code     8  system.o(.text)
    System_Init                              0x08000415   Thumb Code    50  system.o(.text)
    Loop                                     0x08000447   Thumb Code    48  system.o(.text)
    CAN1_Init                                0x080004a1   Thumb Code   220  can1.o(.text)
    CAN1_Send                                0x0800057d   Thumb Code    92  can1.o(.text)
    CAN1_RX0_IRQHandler                      0x080005d9   Thumb Code    30  can1.o(.text)
    Get_SystemMode                           0x08000605   Thumb Code     2  control.o(.text)
    Spray_Control                            0x08000607   Thumb Code    96  control.o(.text)
    Spray_Init                               0x08000667   Thumb Code    48  control.o(.text)
    usart2_Init                              0x080006b1   Thumb Code   258  usart2.o(.text)
    delay_ms1                                0x080007b3   Thumb Code    28  usart2.o(.text)
    Get_RC_Data                              0x080007cf   Thumb Code   276  usart2.o(.text)
    DMA1_Stream5_IRQHandler                  0x080008e3   Thumb Code    48  usart2.o(.text)
    usart5_Init                              0x08000945   Thumb Code   298  usart5.o(.text)
    Vision_Read_Data                         0x08000a6f   Thumb Code    52  usart5.o(.text)
    UART5_IRQHandler                         0x08000aa3   Thumb Code    74  usart5.o(.text)
    UART5_SendChar                           0x08000aed   Thumb Code    28  usart5.o(.text)
    Vision_Send_Data                         0x08000b09   Thumb Code    70  usart5.o(.text)
    Vision_If_Update                         0x08000b4f   Thumb Code    14  usart5.o(.text)
    Vision_Clean_Update_Flag                 0x08000b5d   Thumb Code     8  usart5.o(.text)
    Led_Init                                 0x08000b91   Thumb Code    88  led.o(.text)
    CRC_init                                 0x08000bf1   Thumb Code    12  crc.o(.text)
    Get_CRC8_Check_Sum                       0x08000bfd   Thumb Code    30  crc.o(.text)
    Verify_CRC8_Check_Sum                    0x08000c1b   Thumb Code    46  crc.o(.text)
    Append_CRC8_Check_Sum                    0x08000c49   Thumb Code    36  crc.o(.text)
    Get_CRC16_Check_Sum                      0x08000c6d   Thumb Code    46  crc.o(.text)
    Verify_CRC16_Check_Sum                   0x08000c9b   Thumb Code    60  crc.o(.text)
    Append_CRC16_Check_Sum                   0x08000cd7   Thumb Code    44  crc.o(.text)
    NVIC_PriorityGroupConfig                 0x08000d11   Thumb Code    10  misc.o(.text)
    NVIC_Init                                0x08000d1b   Thumb Code   106  misc.o(.text)
    NVIC_SetVectorTable                      0x08000d85   Thumb Code    14  misc.o(.text)
    NVIC_SystemLPConfig                      0x08000d93   Thumb Code    34  misc.o(.text)
    SysTick_CLKSourceConfig                  0x08000db5   Thumb Code    40  misc.o(.text)
    GPIO_DeInit                              0x08000df1   Thumb Code   268  stm32f4xx_gpio.o(.text)
    GPIO_Init                                0x08000efd   Thumb Code   144  stm32f4xx_gpio.o(.text)
    GPIO_StructInit                          0x08000f8d   Thumb Code    18  stm32f4xx_gpio.o(.text)
    GPIO_PinLockConfig                       0x08000f9f   Thumb Code    34  stm32f4xx_gpio.o(.text)
    GPIO_ReadInputDataBit                    0x08000fc1   Thumb Code    18  stm32f4xx_gpio.o(.text)
    GPIO_ReadInputData                       0x08000fd3   Thumb Code     8  stm32f4xx_gpio.o(.text)
    GPIO_ReadOutputDataBit                   0x08000fdb   Thumb Code    18  stm32f4xx_gpio.o(.text)
    GPIO_ReadOutputData                      0x08000fed   Thumb Code     8  stm32f4xx_gpio.o(.text)
    GPIO_SetBits                             0x08000ff5   Thumb Code     4  stm32f4xx_gpio.o(.text)
    GPIO_ResetBits                           0x08000ff9   Thumb Code     4  stm32f4xx_gpio.o(.text)
    GPIO_WriteBit                            0x08000ffd   Thumb Code    10  stm32f4xx_gpio.o(.text)
    GPIO_Write                               0x08001007   Thumb Code     4  stm32f4xx_gpio.o(.text)
    GPIO_ToggleBits                          0x0800100b   Thumb Code     8  stm32f4xx_gpio.o(.text)
    GPIO_PinAFConfig                         0x08001013   Thumb Code    70  stm32f4xx_gpio.o(.text)
    RCC_DeInit                               0x08001085   Thumb Code    82  stm32f4xx_rcc.o(.text)
    RCC_HSEConfig                            0x080010d7   Thumb Code    14  stm32f4xx_rcc.o(.text)
    RCC_GetFlagStatus                        0x080010e5   Thumb Code    60  stm32f4xx_rcc.o(.text)
    RCC_WaitForHSEStartUp                    0x08001121   Thumb Code    56  stm32f4xx_rcc.o(.text)
    RCC_AdjustHSICalibrationValue            0x08001159   Thumb Code    20  stm32f4xx_rcc.o(.text)
    RCC_HSICmd                               0x0800116d   Thumb Code     6  stm32f4xx_rcc.o(.text)
    RCC_LSEConfig                            0x08001173   Thumb Code    46  stm32f4xx_rcc.o(.text)
    RCC_LSICmd                               0x080011a1   Thumb Code     6  stm32f4xx_rcc.o(.text)
    RCC_PLLConfig                            0x080011a7   Thumb Code    32  stm32f4xx_rcc.o(.text)
    RCC_PLLCmd                               0x080011c7   Thumb Code     6  stm32f4xx_rcc.o(.text)
    RCC_PLLI2SConfig                         0x080011cd   Thumb Code    14  stm32f4xx_rcc.o(.text)
    RCC_PLLI2SCmd                            0x080011db   Thumb Code     6  stm32f4xx_rcc.o(.text)
    RCC_PLLSAIConfig                         0x080011e1   Thumb Code    20  stm32f4xx_rcc.o(.text)
    RCC_PLLSAICmd                            0x080011f5   Thumb Code     6  stm32f4xx_rcc.o(.text)
    RCC_ClockSecuritySystemCmd               0x080011fb   Thumb Code     6  stm32f4xx_rcc.o(.text)
    RCC_MCO1Config                           0x08001201   Thumb Code    28  stm32f4xx_rcc.o(.text)
    RCC_MCO2Config                           0x0800121d   Thumb Code    28  stm32f4xx_rcc.o(.text)
    RCC_SYSCLKConfig                         0x08001239   Thumb Code    20  stm32f4xx_rcc.o(.text)
    RCC_GetSYSCLKSource                      0x0800124d   Thumb Code    12  stm32f4xx_rcc.o(.text)
    RCC_HCLKConfig                           0x08001259   Thumb Code    20  stm32f4xx_rcc.o(.text)
    RCC_PCLK1Config                          0x0800126d   Thumb Code    20  stm32f4xx_rcc.o(.text)
    RCC_PCLK2Config                          0x08001281   Thumb Code    22  stm32f4xx_rcc.o(.text)
    RCC_GetClocksFreq                        0x08001297   Thumb Code   222  stm32f4xx_rcc.o(.text)
    RCC_RTCCLKConfig                         0x08001375   Thumb Code    54  stm32f4xx_rcc.o(.text)
    RCC_RTCCLKCmd                            0x080013ab   Thumb Code     8  stm32f4xx_rcc.o(.text)
    RCC_BackupResetCmd                       0x080013b3   Thumb Code     8  stm32f4xx_rcc.o(.text)
    RCC_I2SCLKConfig                         0x080013bb   Thumb Code     6  stm32f4xx_rcc.o(.text)
    RCC_SAIPLLI2SClkDivConfig                0x080013c1   Thumb Code    26  stm32f4xx_rcc.o(.text)
    RCC_SAIPLLSAIClkDivConfig                0x080013db   Thumb Code    28  stm32f4xx_rcc.o(.text)
    RCC_SAIBlockACLKConfig                   0x080013f7   Thumb Code    20  stm32f4xx_rcc.o(.text)
    RCC_SAIBlockBCLKConfig                   0x0800140b   Thumb Code    20  stm32f4xx_rcc.o(.text)
    RCC_LTDCCLKDivConfig                     0x0800141f   Thumb Code    20  stm32f4xx_rcc.o(.text)
    RCC_TIMCLKPresConfig                     0x08001433   Thumb Code     6  stm32f4xx_rcc.o(.text)
    RCC_AHB1PeriphClockCmd                   0x08001439   Thumb Code    34  stm32f4xx_rcc.o(.text)
    RCC_AHB2PeriphClockCmd                   0x0800145b   Thumb Code    78  stm32f4xx_rcc.o(.text)
    RCC_AHB3PeriphClockCmd                   0x080014a9   Thumb Code    34  stm32f4xx_rcc.o(.text)
    RCC_APB1PeriphClockCmd                   0x080014cb   Thumb Code    34  stm32f4xx_rcc.o(.text)
    RCC_APB2PeriphClockCmd                   0x080014ed   Thumb Code    34  stm32f4xx_rcc.o(.text)
    RCC_AHB1PeriphResetCmd                   0x0800150f   Thumb Code    34  stm32f4xx_rcc.o(.text)
    RCC_AHB2PeriphResetCmd                   0x08001531   Thumb Code    34  stm32f4xx_rcc.o(.text)
    RCC_AHB3PeriphResetCmd                   0x08001553   Thumb Code    34  stm32f4xx_rcc.o(.text)
    RCC_APB1PeriphResetCmd                   0x08001575   Thumb Code    34  stm32f4xx_rcc.o(.text)
    RCC_APB2PeriphResetCmd                   0x08001597   Thumb Code    34  stm32f4xx_rcc.o(.text)
    RCC_AHB1PeriphClockLPModeCmd             0x080015b9   Thumb Code    34  stm32f4xx_rcc.o(.text)
    RCC_AHB2PeriphClockLPModeCmd             0x080015db   Thumb Code    34  stm32f4xx_rcc.o(.text)
    RCC_AHB3PeriphClockLPModeCmd             0x080015fd   Thumb Code    34  stm32f4xx_rcc.o(.text)
    RCC_APB1PeriphClockLPModeCmd             0x0800161f   Thumb Code    34  stm32f4xx_rcc.o(.text)
    RCC_APB2PeriphClockLPModeCmd             0x08001641   Thumb Code    34  stm32f4xx_rcc.o(.text)
    RCC_ITConfig                             0x08001663   Thumb Code    34  stm32f4xx_rcc.o(.text)
    RCC_ClearFlag                            0x08001685   Thumb Code    18  stm32f4xx_rcc.o(.text)
    RCC_GetITStatus                          0x08001697   Thumb Code    22  stm32f4xx_rcc.o(.text)
    RCC_ClearITPendingBit                    0x080016ad   Thumb Code     8  stm32f4xx_rcc.o(.text)
    USART_DeInit                             0x080016b9   Thumb Code   206  stm32f4xx_usart.o(.text)
    USART_Init                               0x08001787   Thumb Code   204  stm32f4xx_usart.o(.text)
    USART_StructInit                         0x08001853   Thumb Code    24  stm32f4xx_usart.o(.text)
    USART_ClockInit                          0x0800186b   Thumb Code    32  stm32f4xx_usart.o(.text)
    USART_ClockStructInit                    0x0800188b   Thumb Code    12  stm32f4xx_usart.o(.text)
    USART_Cmd                                0x08001897   Thumb Code    24  stm32f4xx_usart.o(.text)
    USART_SetPrescaler                       0x080018af   Thumb Code    16  stm32f4xx_usart.o(.text)
    USART_OverSampling8Cmd                   0x080018bf   Thumb Code    22  stm32f4xx_usart.o(.text)
    USART_OneBitMethodCmd                    0x080018d5   Thumb Code    24  stm32f4xx_usart.o(.text)
    USART_SendData                           0x080018ed   Thumb Code     8  stm32f4xx_usart.o(.text)
    USART_ReceiveData                        0x080018f5   Thumb Code    10  stm32f4xx_usart.o(.text)
    USART_SetAddress                         0x080018ff   Thumb Code    18  stm32f4xx_usart.o(.text)
    USART_ReceiverWakeUpCmd                  0x08001911   Thumb Code    24  stm32f4xx_usart.o(.text)
    USART_WakeUpConfig                       0x08001929   Thumb Code    18  stm32f4xx_usart.o(.text)
    USART_LINBreakDetectLengthConfig         0x0800193b   Thumb Code    18  stm32f4xx_usart.o(.text)
    USART_LINCmd                             0x0800194d   Thumb Code    24  stm32f4xx_usart.o(.text)
    USART_SendBreak                          0x08001965   Thumb Code    10  stm32f4xx_usart.o(.text)
    USART_HalfDuplexCmd                      0x0800196f   Thumb Code    24  stm32f4xx_usart.o(.text)
    USART_SetGuardTime                       0x08001987   Thumb Code    16  stm32f4xx_usart.o(.text)
    USART_SmartCardCmd                       0x08001997   Thumb Code    24  stm32f4xx_usart.o(.text)
    USART_SmartCardNACKCmd                   0x080019af   Thumb Code    24  stm32f4xx_usart.o(.text)
    USART_IrDAConfig                         0x080019c7   Thumb Code    18  stm32f4xx_usart.o(.text)
    USART_IrDACmd                            0x080019d9   Thumb Code    24  stm32f4xx_usart.o(.text)
    USART_DMACmd                             0x080019f1   Thumb Code    18  stm32f4xx_usart.o(.text)
    USART_ITConfig                           0x08001a03   Thumb Code    74  stm32f4xx_usart.o(.text)
    USART_GetFlagStatus                      0x08001a4d   Thumb Code    26  stm32f4xx_usart.o(.text)
    USART_ClearFlag                          0x08001a67   Thumb Code    18  stm32f4xx_usart.o(.text)
    USART_GetITStatus                        0x08001a79   Thumb Code   118  stm32f4xx_usart.o(.text)
    USART_ClearITPendingBit                  0x08001aef   Thumb Code    30  stm32f4xx_usart.o(.text)
    Reset_Handler                            0x08001b0d   Thumb Code     8  startup_stm32f40xx.o(.text)
    ADC_IRQHandler                           0x08001b27   Thumb Code     0  startup_stm32f40xx.o(.text)
    CAN1_RX1_IRQHandler                      0x08001b27   Thumb Code     0  startup_stm32f40xx.o(.text)
    CAN1_SCE_IRQHandler                      0x08001b27   Thumb Code     0  startup_stm32f40xx.o(.text)
    CAN1_TX_IRQHandler                       0x08001b27   Thumb Code     0  startup_stm32f40xx.o(.text)
    CAN2_RX0_IRQHandler                      0x08001b27   Thumb Code     0  startup_stm32f40xx.o(.text)
    CAN2_RX1_IRQHandler                      0x08001b27   Thumb Code     0  startup_stm32f40xx.o(.text)
    CAN2_SCE_IRQHandler                      0x08001b27   Thumb Code     0  startup_stm32f40xx.o(.text)
    CAN2_TX_IRQHandler                       0x08001b27   Thumb Code     0  startup_stm32f40xx.o(.text)
    CRYP_IRQHandler                          0x08001b27   Thumb Code     0  startup_stm32f40xx.o(.text)
    DCMI_IRQHandler                          0x08001b27   Thumb Code     0  startup_stm32f40xx.o(.text)
    DMA1_Stream0_IRQHandler                  0x08001b27   Thumb Code     0  startup_stm32f40xx.o(.text)
    DMA1_Stream1_IRQHandler                  0x08001b27   Thumb Code     0  startup_stm32f40xx.o(.text)
    DMA1_Stream2_IRQHandler                  0x08001b27   Thumb Code     0  startup_stm32f40xx.o(.text)
    DMA1_Stream3_IRQHandler                  0x08001b27   Thumb Code     0  startup_stm32f40xx.o(.text)
    DMA1_Stream4_IRQHandler                  0x08001b27   Thumb Code     0  startup_stm32f40xx.o(.text)
    DMA1_Stream6_IRQHandler                  0x08001b27   Thumb Code     0  startup_stm32f40xx.o(.text)
    DMA1_Stream7_IRQHandler                  0x08001b27   Thumb Code     0  startup_stm32f40xx.o(.text)
    DMA2_Stream0_IRQHandler                  0x08001b27   Thumb Code     0  startup_stm32f40xx.o(.text)
    DMA2_Stream1_IRQHandler                  0x08001b27   Thumb Code     0  startup_stm32f40xx.o(.text)
    DMA2_Stream2_IRQHandler                  0x08001b27   Thumb Code     0  startup_stm32f40xx.o(.text)
    DMA2_Stream3_IRQHandler                  0x08001b27   Thumb Code     0  startup_stm32f40xx.o(.text)
    DMA2_Stream4_IRQHandler                  0x08001b27   Thumb Code     0  startup_stm32f40xx.o(.text)
    DMA2_Stream5_IRQHandler                  0x08001b27   Thumb Code     0  startup_stm32f40xx.o(.text)
    DMA2_Stream6_IRQHandler                  0x08001b27   Thumb Code     0  startup_stm32f40xx.o(.text)
    DMA2_Stream7_IRQHandler                  0x08001b27   Thumb Code     0  startup_stm32f40xx.o(.text)
    ETH_IRQHandler                           0x08001b27   Thumb Code     0  startup_stm32f40xx.o(.text)
    ETH_WKUP_IRQHandler                      0x08001b27   Thumb Code     0  startup_stm32f40xx.o(.text)
    EXTI0_IRQHandler                         0x08001b27   Thumb Code     0  startup_stm32f40xx.o(.text)
    EXTI15_10_IRQHandler                     0x08001b27   Thumb Code     0  startup_stm32f40xx.o(.text)
    EXTI1_IRQHandler                         0x08001b27   Thumb Code     0  startup_stm32f40xx.o(.text)
    EXTI2_IRQHandler                         0x08001b27   Thumb Code     0  startup_stm32f40xx.o(.text)
    EXTI3_IRQHandler                         0x08001b27   Thumb Code     0  startup_stm32f40xx.o(.text)
    EXTI4_IRQHandler                         0x08001b27   Thumb Code     0  startup_stm32f40xx.o(.text)
    EXTI9_5_IRQHandler                       0x08001b27   Thumb Code     0  startup_stm32f40xx.o(.text)
    FLASH_IRQHandler                         0x08001b27   Thumb Code     0  startup_stm32f40xx.o(.text)
    FPU_IRQHandler                           0x08001b27   Thumb Code     0  startup_stm32f40xx.o(.text)
    FSMC_IRQHandler                          0x08001b27   Thumb Code     0  startup_stm32f40xx.o(.text)
    HASH_RNG_IRQHandler                      0x08001b27   Thumb Code     0  startup_stm32f40xx.o(.text)
    I2C1_ER_IRQHandler                       0x08001b27   Thumb Code     0  startup_stm32f40xx.o(.text)
    I2C1_EV_IRQHandler                       0x08001b27   Thumb Code     0  startup_stm32f40xx.o(.text)
    I2C2_ER_IRQHandler                       0x08001b27   Thumb Code     0  startup_stm32f40xx.o(.text)
    I2C2_EV_IRQHandler                       0x08001b27   Thumb Code     0  startup_stm32f40xx.o(.text)
    I2C3_ER_IRQHandler                       0x08001b27   Thumb Code     0  startup_stm32f40xx.o(.text)
    I2C3_EV_IRQHandler                       0x08001b27   Thumb Code     0  startup_stm32f40xx.o(.text)
    OTG_FS_IRQHandler                        0x08001b27   Thumb Code     0  startup_stm32f40xx.o(.text)
    OTG_FS_WKUP_IRQHandler                   0x08001b27   Thumb Code     0  startup_stm32f40xx.o(.text)
    OTG_HS_EP1_IN_IRQHandler                 0x08001b27   Thumb Code     0  startup_stm32f40xx.o(.text)
    OTG_HS_EP1_OUT_IRQHandler                0x08001b27   Thumb Code     0  startup_stm32f40xx.o(.text)
    OTG_HS_IRQHandler                        0x08001b27   Thumb Code     0  startup_stm32f40xx.o(.text)
    OTG_HS_WKUP_IRQHandler                   0x08001b27   Thumb Code     0  startup_stm32f40xx.o(.text)
    PVD_IRQHandler                           0x08001b27   Thumb Code     0  startup_stm32f40xx.o(.text)
    RCC_IRQHandler                           0x08001b27   Thumb Code     0  startup_stm32f40xx.o(.text)
    RTC_Alarm_IRQHandler                     0x08001b27   Thumb Code     0  startup_stm32f40xx.o(.text)
    RTC_WKUP_IRQHandler                      0x08001b27   Thumb Code     0  startup_stm32f40xx.o(.text)
    SDIO_IRQHandler                          0x08001b27   Thumb Code     0  startup_stm32f40xx.o(.text)
    SPI1_IRQHandler                          0x08001b27   Thumb Code     0  startup_stm32f40xx.o(.text)
    SPI2_IRQHandler                          0x08001b27   Thumb Code     0  startup_stm32f40xx.o(.text)
    SPI3_IRQHandler                          0x08001b27   Thumb Code     0  startup_stm32f40xx.o(.text)
    TAMP_STAMP_IRQHandler                    0x08001b27   Thumb Code     0  startup_stm32f40xx.o(.text)
    TIM1_BRK_TIM9_IRQHandler                 0x08001b27   Thumb Code     0  startup_stm32f40xx.o(.text)
    TIM1_CC_IRQHandler                       0x08001b27   Thumb Code     0  startup_stm32f40xx.o(.text)
    TIM1_TRG_COM_TIM11_IRQHandler            0x08001b27   Thumb Code     0  startup_stm32f40xx.o(.text)
    TIM1_UP_TIM10_IRQHandler                 0x08001b27   Thumb Code     0  startup_stm32f40xx.o(.text)
    TIM2_IRQHandler                          0x08001b27   Thumb Code     0  startup_stm32f40xx.o(.text)
    TIM3_IRQHandler                          0x08001b27   Thumb Code     0  startup_stm32f40xx.o(.text)
    TIM4_IRQHandler                          0x08001b27   Thumb Code     0  startup_stm32f40xx.o(.text)
    TIM5_IRQHandler                          0x08001b27   Thumb Code     0  startup_stm32f40xx.o(.text)
    TIM6_DAC_IRQHandler                      0x08001b27   Thumb Code     0  startup_stm32f40xx.o(.text)
    TIM7_IRQHandler                          0x08001b27   Thumb Code     0  startup_stm32f40xx.o(.text)
    TIM8_BRK_TIM12_IRQHandler                0x08001b27   Thumb Code     0  startup_stm32f40xx.o(.text)
    TIM8_CC_IRQHandler                       0x08001b27   Thumb Code     0  startup_stm32f40xx.o(.text)
    TIM8_TRG_COM_TIM14_IRQHandler            0x08001b27   Thumb Code     0  startup_stm32f40xx.o(.text)
    TIM8_UP_TIM13_IRQHandler                 0x08001b27   Thumb Code     0  startup_stm32f40xx.o(.text)
    UART4_IRQHandler                         0x08001b27   Thumb Code     0  startup_stm32f40xx.o(.text)
    USART1_IRQHandler                        0x08001b27   Thumb Code     0  startup_stm32f40xx.o(.text)
    USART2_IRQHandler                        0x08001b27   Thumb Code     0  startup_stm32f40xx.o(.text)
    USART3_IRQHandler                        0x08001b27   Thumb Code     0  startup_stm32f40xx.o(.text)
    USART6_IRQHandler                        0x08001b27   Thumb Code     0  startup_stm32f40xx.o(.text)
    WWDG_IRQHandler                          0x08001b27   Thumb Code     0  startup_stm32f40xx.o(.text)
    __user_initial_stackheap                 0x08001b29   Thumb Code     0  startup_stm32f40xx.o(.text)
    SystemInit                               0x08001c29   Thumb Code    88  system_stm32f4xx.o(.text)
    SystemCoreClockUpdate                    0x08001c81   Thumb Code   174  system_stm32f4xx.o(.text)
    CAN_DeInit                               0x08001d5d   Thumb Code    50  stm32f4xx_can.o(.text)
    CAN_Init                                 0x08001d8f   Thumb Code   276  stm32f4xx_can.o(.text)
    CAN_FilterInit                           0x08001ea3   Thumb Code   258  stm32f4xx_can.o(.text)
    CAN_StructInit                           0x08001fa5   Thumb Code    32  stm32f4xx_can.o(.text)
    CAN_SlaveStartBank                       0x08001fc5   Thumb Code    48  stm32f4xx_can.o(.text)
    CAN_DBGFreeze                            0x08001ff5   Thumb Code    22  stm32f4xx_can.o(.text)
    CAN_TTComModeCmd                         0x0800200b   Thumb Code   118  stm32f4xx_can.o(.text)
    CAN_Transmit                             0x08002081   Thumb Code   304  stm32f4xx_can.o(.text)
    CAN_TransmitStatus                       0x080021b1   Thumb Code   138  stm32f4xx_can.o(.text)
    CAN_CancelTransmit                       0x0800223b   Thumb Code    48  stm32f4xx_can.o(.text)
    CAN_Receive                              0x0800226b   Thumb Code   240  stm32f4xx_can.o(.text)
    CAN_FIFORelease                          0x0800235b   Thumb Code    22  stm32f4xx_can.o(.text)
    CAN_MessagePending                       0x08002371   Thumb Code    30  stm32f4xx_can.o(.text)
    CAN_OperatingModeRequest                 0x0800238f   Thumb Code   162  stm32f4xx_can.o(.text)
    CAN_Sleep                                0x08002431   Thumb Code    30  stm32f4xx_can.o(.text)
    CAN_WakeUp                               0x0800244f   Thumb Code    48  stm32f4xx_can.o(.text)
    CAN_GetLastErrorCode                     0x0800247f   Thumb Code    12  stm32f4xx_can.o(.text)
    CAN_GetReceiveErrorCounter               0x0800248b   Thumb Code    10  stm32f4xx_can.o(.text)
    CAN_GetLSBTransmitErrorCounter           0x08002495   Thumb Code    12  stm32f4xx_can.o(.text)
    CAN_ITConfig                             0x080024a1   Thumb Code    18  stm32f4xx_can.o(.text)
    CAN_GetFlagStatus                        0x080024b3   Thumb Code   120  stm32f4xx_can.o(.text)
    CAN_ClearFlag                            0x0800252b   Thumb Code    52  stm32f4xx_can.o(.text)
    CAN_GetITStatus                          0x08002571   Thumb Code   310  stm32f4xx_can.o(.text)
    CAN_ClearITPendingBit                    0x080026a7   Thumb Code   162  stm32f4xx_can.o(.text)
    DMA_DeInit                               0x0800274d   Thumb Code   324  stm32f4xx_dma.o(.text)
    DMA_Init                                 0x08002891   Thumb Code    82  stm32f4xx_dma.o(.text)
    DMA_StructInit                           0x080028e3   Thumb Code    34  stm32f4xx_dma.o(.text)
    DMA_Cmd                                  0x08002905   Thumb Code    22  stm32f4xx_dma.o(.text)
    DMA_PeriphIncOffsetSizeConfig            0x0800291b   Thumb Code    22  stm32f4xx_dma.o(.text)
    DMA_FlowControllerConfig                 0x08002931   Thumb Code    22  stm32f4xx_dma.o(.text)
    DMA_SetCurrDataCounter                   0x08002947   Thumb Code     4  stm32f4xx_dma.o(.text)
    DMA_GetCurrDataCounter                   0x0800294b   Thumb Code     8  stm32f4xx_dma.o(.text)
    DMA_DoubleBufferModeConfig               0x08002953   Thumb Code    24  stm32f4xx_dma.o(.text)
    DMA_DoubleBufferModeCmd                  0x0800296b   Thumb Code    22  stm32f4xx_dma.o(.text)
    DMA_MemoryTargetConfig                   0x08002981   Thumb Code    10  stm32f4xx_dma.o(.text)
    DMA_GetCurrentMemoryTarget               0x0800298b   Thumb Code    20  stm32f4xx_dma.o(.text)
    DMA_GetCmdStatus                         0x0800299f   Thumb Code    20  stm32f4xx_dma.o(.text)
    DMA_GetFIFOStatus                        0x080029b3   Thumb Code    12  stm32f4xx_dma.o(.text)
    DMA_GetFlagStatus                        0x080029bf   Thumb Code    56  stm32f4xx_dma.o(.text)
    DMA_ClearFlag                            0x080029f7   Thumb Code    40  stm32f4xx_dma.o(.text)
    DMA_ITConfig                             0x08002a1f   Thumb Code    58  stm32f4xx_dma.o(.text)
    DMA_GetITStatus                          0x08002a59   Thumb Code    84  stm32f4xx_dma.o(.text)
    DMA_ClearITPendingBit                    0x08002aad   Thumb Code    40  stm32f4xx_dma.o(.text)
    __aeabi_memcpy                           0x08002af5   Thumb Code     0  rt_memcpy_v6.o(.text)
    __rt_memcpy                              0x08002af5   Thumb Code   138  rt_memcpy_v6.o(.text)
    _memcpy_lastbytes                        0x08002b5b   Thumb Code     0  rt_memcpy_v6.o(.text)
    __aeabi_memclr                           0x08002b7f   Thumb Code     0  rt_memclr.o(.text)
    __rt_memclr                              0x08002b7f   Thumb Code    68  rt_memclr.o(.text)
    _memset                                  0x08002b83   Thumb Code     0  rt_memclr.o(.text)
    __use_two_region_memory                  0x08002bc3   Thumb Code     2  heapauxi.o(.text)
    __rt_heap_escrow$2region                 0x08002bc5   Thumb Code     2  heapauxi.o(.text)
    __rt_heap_expand$2region                 0x08002bc7   Thumb Code     2  heapauxi.o(.text)
    __aeabi_memcpy4                          0x08002bc9   Thumb Code     0  rt_memcpy_w.o(.text)
    __aeabi_memcpy8                          0x08002bc9   Thumb Code     0  rt_memcpy_w.o(.text)
    __rt_memcpy_w                            0x08002bc9   Thumb Code   100  rt_memcpy_w.o(.text)
    _memcpy_lastbytes_aligned                0x08002c11   Thumb Code     0  rt_memcpy_w.o(.text)
    __aeabi_memclr4                          0x08002c2d   Thumb Code     0  rt_memclr_w.o(.text)
    __aeabi_memclr8                          0x08002c2d   Thumb Code     0  rt_memclr_w.o(.text)
    __rt_memclr_w                            0x08002c2d   Thumb Code    78  rt_memclr_w.o(.text)
    _memset_w                                0x08002c31   Thumb Code     0  rt_memclr_w.o(.text)
    __user_setup_stackheap                   0x08002c7b   Thumb Code    74  sys_stackheap_outer.o(.text)
    exit                                     0x08002cc5   Thumb Code    12  exit.o(.text)
    __user_libspace                          0x08002cd1   Thumb Code     8  libspace.o(.text)
    __user_perproc_libspace                  0x08002cd1   Thumb Code     0  libspace.o(.text)
    __user_perthread_libspace                0x08002cd1   Thumb Code     0  libspace.o(.text)
    _sys_exit                                0x08002cd9   Thumb Code     8  sys_exit.o(.text)
    __I$use$semihosting                      0x08002ce5   Thumb Code     0  use_no_semi.o(.text)
    __use_no_semihosting_swi                 0x08002ce5   Thumb Code     2  use_no_semi.o(.text)
    __semihosting_library_function           0x08002ce7   Thumb Code     0  indicate_semi.o(.text)
    _fp_init                                 0x08002ce7   Thumb Code    10  fpinit.o(x$fpl$fpinit)
    __fplib_config_fpu_vfp                   0x08002cef   Thumb Code     0  fpinit.o(x$fpl$fpinit)
    __fplib_config_pureend_doubles           0x08002cef   Thumb Code     0  fpinit.o(x$fpl$fpinit)
    CRC8_INIT                                0x08002cf0   Data           1  crc.o(.constdata)
    CRC8_TAB                                 0x08002cf1   Data         256  crc.o(.constdata)
    wCRC_Table                               0x08002df2   Data         512  crc.o(.constdata)
    Region$$Table$$Base                      0x08002ff4   Number         0  anon$$obj.o(Region$$Table)
    Region$$Table$$Limit                     0x08003014   Number         0  anon$$obj.o(Region$$Table)
    Remote_time                              0x20000000   Data           4  main.o(.data)
    sysTickUptime                            0x20000004   Data           4  stm32f4xx_it.o(.data)
    currentTime                              0x2000000c   Data           4  system.o(.data)
    loopTime_1ms                             0x20000010   Data           4  system.o(.data)
    previousTime                             0x20000014   Data           4  system.o(.data)
    cycleTime                                0x20000018   Data           2  system.o(.data)
    SystemMonitor                            0x2000001c   Data           4  system.o(.data)
    Connected_Time                           0x20000028   Data           4  control.o(.data)
    debug_flag                               0x2000002c   Data           1  control.o(.data)
    Usart5_Clean_IDLE_Flag                   0x20000030   Data           4  usart5.o(.data)
    VisionSendHeader                         0x20000034   Data           3  usart5.o(.data)
    VisionSendData                           0x20000037   Data           3  usart5.o(.data)
    Vision_Get_New_Data                      0x2000003a   Data           1  usart5.o(.data)
    CRC_INIT                                 0x2000003c   Data           2  crc.o(.data)
    SystemCoreClock                          0x20000050   Data           4  system_stm32f4xx.o(.data)
    AHBPrescTable                            0x20000054   Data          16  system_stm32f4xx.o(.data)
    sbus_rx_buffer                           0x20000064   Data          25  usart2.o(.bss)
    RC_Ctl                                   0x2000007e   Data          20  usart2.o(.bss)
    Com5_Vision_Buffer                       0x20000092   Data         100  usart5.o(.bss)
    VisionRecvData                           0x200000f6   Data          22  usart5.o(.bss)
    vision_send_pack                         0x2000010c   Data          50  usart5.o(.bss)
    __libspace_start                         0x20000140   Data          96  libspace.o(.bss)
    __temporary_stack_top$libspace           0x200001a0   Data           0  libspace.o(.bss)



==============================================================================

Memory Map of the image

  Image Entry point : 0x08000189

  Load Region LR_IROM1 (Base: 0x08000000, Size: 0x00003078, Max: 0x00100000, ABSOLUTE)

    Execution Region ER_IROM1 (Base: 0x08000000, Size: 0x00003014, Max: 0x00100000, ABSOLUTE)

    Base Addr    Size         Type   Attr      Idx    E Section Name        Object

    0x08000000   0x00000188   Data   RO          436    RESET               startup_stm32f40xx.o
    0x08000188   0x00000008   Code   RO          615  * !!!main             c_w.l(__main.o)
    0x08000190   0x00000034   Code   RO          775    !!!scatter          c_w.l(__scatter.o)
    0x080001c4   0x0000001a   Code   RO          777    !!handler_copy      c_w.l(__scatter_copy.o)
    0x080001de   0x00000002   PAD
    0x080001e0   0x0000001c   Code   RO          779    !!handler_zi        c_w.l(__scatter_zi.o)
    0x080001fc   0x00000002   Code   RO          646    .ARM.Collect$$libinit$$00000000  c_w.l(libinit.o)
    0x080001fe   0x00000004   Code   RO          652    .ARM.Collect$$libinit$$00000001  c_w.l(libinit2.o)
    0x08000202   0x00000000   Code   RO          655    .ARM.Collect$$libinit$$00000004  c_w.l(libinit2.o)
    0x08000202   0x00000000   Code   RO          658    .ARM.Collect$$libinit$$0000000A  c_w.l(libinit2.o)
    0x08000202   0x00000000   Code   RO          660    .ARM.Collect$$libinit$$0000000C  c_w.l(libinit2.o)
    0x08000202   0x00000000   Code   RO          662    .ARM.Collect$$libinit$$0000000E  c_w.l(libinit2.o)
    0x08000202   0x00000000   Code   RO          665    .ARM.Collect$$libinit$$00000011  c_w.l(libinit2.o)
    0x08000202   0x00000000   Code   RO          667    .ARM.Collect$$libinit$$00000013  c_w.l(libinit2.o)
    0x08000202   0x00000000   Code   RO          669    .ARM.Collect$$libinit$$00000015  c_w.l(libinit2.o)
    0x08000202   0x00000000   Code   RO          671    .ARM.Collect$$libinit$$00000017  c_w.l(libinit2.o)
    0x08000202   0x00000000   Code   RO          673    .ARM.Collect$$libinit$$00000019  c_w.l(libinit2.o)
    0x08000202   0x00000000   Code   RO          675    .ARM.Collect$$libinit$$0000001B  c_w.l(libinit2.o)
    0x08000202   0x00000000   Code   RO          677    .ARM.Collect$$libinit$$0000001D  c_w.l(libinit2.o)
    0x08000202   0x00000000   Code   RO          679    .ARM.Collect$$libinit$$0000001F  c_w.l(libinit2.o)
    0x08000202   0x00000000   Code   RO          681    .ARM.Collect$$libinit$$00000021  c_w.l(libinit2.o)
    0x08000202   0x00000000   Code   RO          683    .ARM.Collect$$libinit$$00000023  c_w.l(libinit2.o)
    0x08000202   0x00000000   Code   RO          685    .ARM.Collect$$libinit$$00000025  c_w.l(libinit2.o)
    0x08000202   0x00000000   Code   RO          689    .ARM.Collect$$libinit$$0000002C  c_w.l(libinit2.o)
    0x08000202   0x00000000   Code   RO          691    .ARM.Collect$$libinit$$0000002E  c_w.l(libinit2.o)
    0x08000202   0x00000000   Code   RO          693    .ARM.Collect$$libinit$$00000030  c_w.l(libinit2.o)
    0x08000202   0x00000000   Code   RO          695    .ARM.Collect$$libinit$$00000032  c_w.l(libinit2.o)
    0x08000202   0x00000002   Code   RO          696    .ARM.Collect$$libinit$$00000033  c_w.l(libinit2.o)
    0x08000204   0x00000002   Code   RO          716    .ARM.Collect$$libshutdown$$00000000  c_w.l(libshutdown.o)
    0x08000206   0x00000000   Code   RO          730    .ARM.Collect$$libshutdown$$00000003  c_w.l(libshutdown2.o)
    0x08000206   0x00000000   Code   RO          733    .ARM.Collect$$libshutdown$$00000006  c_w.l(libshutdown2.o)
    0x08000206   0x00000000   Code   RO          736    .ARM.Collect$$libshutdown$$00000009  c_w.l(libshutdown2.o)
    0x08000206   0x00000000   Code   RO          738    .ARM.Collect$$libshutdown$$0000000B  c_w.l(libshutdown2.o)
    0x08000206   0x00000000   Code   RO          741    .ARM.Collect$$libshutdown$$0000000E  c_w.l(libshutdown2.o)
    0x08000206   0x00000002   Code   RO          742    .ARM.Collect$$libshutdown$$0000000F  c_w.l(libshutdown2.o)
    0x08000208   0x00000000   Code   RO          617    .ARM.Collect$$rtentry$$00000000  c_w.l(__rtentry.o)
    0x08000208   0x00000000   Code   RO          623    .ARM.Collect$$rtentry$$00000002  c_w.l(__rtentry2.o)
    0x08000208   0x00000006   Code   RO          635    .ARM.Collect$$rtentry$$00000004  c_w.l(__rtentry4.o)
    0x0800020e   0x00000000   Code   RO          625    .ARM.Collect$$rtentry$$00000009  c_w.l(__rtentry2.o)
    0x0800020e   0x00000004   Code   RO          626    .ARM.Collect$$rtentry$$0000000A  c_w.l(__rtentry2.o)
    0x08000212   0x00000000   Code   RO          628    .ARM.Collect$$rtentry$$0000000C  c_w.l(__rtentry2.o)
    0x08000212   0x00000008   Code   RO          629    .ARM.Collect$$rtentry$$0000000D  c_w.l(__rtentry2.o)
    0x0800021a   0x00000002   Code   RO          650    .ARM.Collect$$rtexit$$00000000  c_w.l(rtexit.o)
    0x0800021c   0x00000000   Code   RO          698    .ARM.Collect$$rtexit$$00000002  c_w.l(rtexit2.o)
    0x0800021c   0x00000004   Code   RO          699    .ARM.Collect$$rtexit$$00000003  c_w.l(rtexit2.o)
    0x08000220   0x00000006   Code   RO          700    .ARM.Collect$$rtexit$$00000004  c_w.l(rtexit2.o)
    0x08000226   0x00000002   PAD
    0x08000228   0x00000058   Code   RO            3    .text               main.o
    0x08000280   0x00000028   Code   RO          120    .text               stm32f4xx_it.o
    0x080002a8   0x000001f8   Code   RO          146    .text               system.o
    0x080004a0   0x00000164   Code   RO          179    .text               can1.o
    0x08000604   0x000000ac   Code   RO          202    .text               control.o
    0x080006b0   0x00000294   Code   RO          225    .text               usart2.o
    0x08000944   0x0000024c   Code   RO          260    .text               usart5.o
    0x08000b90   0x00000060   Code   RO          290    .text               led.o
    0x08000bf0   0x00000120   Code   RO          310    .text               crc.o
    0x08000d10   0x000000e0   Code   RO          334    .text               misc.o
    0x08000df0   0x00000294   Code   RO          354    .text               stm32f4xx_gpio.o
    0x08001084   0x00000634   Code   RO          374    .text               stm32f4xx_rcc.o
    0x080016b8   0x00000454   Code   RO          416    .text               stm32f4xx_usart.o
    0x08001b0c   0x00000040   Code   RO          437    .text               startup_stm32f40xx.o
    0x08001b4c   0x00000210   Code   RO          443    .text               system_stm32f4xx.o
    0x08001d5c   0x000009f0   Code   RO          469    .text               stm32f4xx_can.o
    0x0800274c   0x000003a8   Code   RO          489    .text               stm32f4xx_dma.o
    0x08002af4   0x0000008a   Code   RO          609    .text               c_w.l(rt_memcpy_v6.o)
    0x08002b7e   0x00000044   Code   RO          611    .text               c_w.l(rt_memclr.o)
    0x08002bc2   0x00000006   Code   RO          613    .text               c_w.l(heapauxi.o)
    0x08002bc8   0x00000064   Code   RO          618    .text               c_w.l(rt_memcpy_w.o)
    0x08002c2c   0x0000004e   Code   RO          620    .text               c_w.l(rt_memclr_w.o)
    0x08002c7a   0x0000004a   Code   RO          637    .text               c_w.l(sys_stackheap_outer.o)
    0x08002cc4   0x0000000c   Code   RO          639    .text               c_w.l(exit.o)
    0x08002cd0   0x00000008   Code   RO          647    .text               c_w.l(libspace.o)
    0x08002cd8   0x0000000c   Code   RO          708    .text               c_w.l(sys_exit.o)
    0x08002ce4   0x00000002   Code   RO          719    .text               c_w.l(use_no_semi.o)
    0x08002ce6   0x00000000   Code   RO          721    .text               c_w.l(indicate_semi.o)
    0x08002ce6   0x0000000a   Code   RO          706    x$fpl$fpinit        fz_wm.l(fpinit.o)
    0x08002cf0   0x00000302   Data   RO          311    .constdata          crc.o
    0x08002ff2   0x00000002   PAD
    0x08002ff4   0x00000020   Data   RO          773    Region$$Table       anon$$obj.o


    Execution Region RW_IRAM1 (Base: 0x20000000, Size: 0x000007a0, Max: 0x00020000, ABSOLUTE)

    Base Addr    Size         Type   Attr      Idx    E Section Name        Object

    0x20000000   0x00000004   Data   RW            4    .data               main.o
    0x20000004   0x00000004   Data   RW          121    .data               stm32f4xx_it.o
    0x20000008   0x00000020   Data   RW          148    .data               system.o
    0x20000028   0x00000005   Data   RW          203    .data               control.o
    0x2000002d   0x00000003   PAD
    0x20000030   0x0000000b   Data   RW          262    .data               usart5.o
    0x2000003b   0x00000001   PAD
    0x2000003c   0x00000002   Data   RW          312    .data               crc.o
    0x2000003e   0x00000010   Data   RW          375    .data               stm32f4xx_rcc.o
    0x2000004e   0x00000002   PAD
    0x20000050   0x00000014   Data   RW          444    .data               system_stm32f4xx.o
    0x20000064   0x0000002e   Zero   RW          226    .bss                usart2.o
    0x20000092   0x000000ac   Zero   RW          261    .bss                usart5.o
    0x2000013e   0x00000002   PAD
    0x20000140   0x00000060   Zero   RW          648    .bss                c_w.l(libspace.o)
    0x200001a0   0x00000200   Zero   RW          435    HEAP                startup_stm32f40xx.o
    0x200003a0   0x00000400   Zero   RW          434    STACK               startup_stm32f40xx.o


==============================================================================

Image component sizes


      Code (inc. data)   RO Data    RW Data    ZI Data      Debug   Object Name

       356         14          0          0          0       1310   can1.o
       172         26          0          5          0       1186   control.o
       288         14        770          2          0       3197   crc.o
        96          8          0          0          0        531   led.o
        88         12          0          4          0     282765   main.o
       224         20          0          0          0       1897   misc.o
        64         26        392          0       1536        872   startup_stm32f40xx.o
      2544         38          0          0          0       8048   stm32f4xx_can.o
       936         32          0          0          0       6373   stm32f4xx_dma.o
       660         44          0          0          0       4173   stm32f4xx_gpio.o
        40          4          0          4          0       1922   stm32f4xx_it.o
      1588         52          0         16          0      12842   stm32f4xx_rcc.o
      1108         34          0          0          0       7872   stm32f4xx_usart.o
       504         42          0         32          0      31423   system.o
       528         46          0         20          0       1971   system_stm32f4xx.o
       660         50          0          0         46      31834   usart2.o
       588         44          0         11        172       4106   usart5.o

    ----------------------------------------------------------------------
     10444        506       1196        100       1756     402322   Object Totals
         0          0         32          0          0          0   (incl. Generated)
         0          0          2          6          2          0   (incl. Padding)

    ----------------------------------------------------------------------

      Code (inc. data)   RO Data    RW Data    ZI Data      Debug   Library Member Name

         8          0          0          0          0         68   __main.o
         0          0          0          0          0          0   __rtentry.o
        12          0          0          0          0          0   __rtentry2.o
         6          0          0          0          0          0   __rtentry4.o
        52          8          0          0          0          0   __scatter.o
        26          0          0          0          0          0   __scatter_copy.o
        28          0          0          0          0          0   __scatter_zi.o
        12          0          0          0          0         72   exit.o
         6          0          0          0          0        152   heapauxi.o
         0          0          0          0          0          0   indicate_semi.o
         2          0          0          0          0          0   libinit.o
         6          0          0          0          0          0   libinit2.o
         2          0          0          0          0          0   libshutdown.o
         2          0          0          0          0          0   libshutdown2.o
         8          4          0          0         96         68   libspace.o
        68          0          0          0          0         68   rt_memclr.o
        78          0          0          0          0         80   rt_memclr_w.o
       138          0          0          0          0         68   rt_memcpy_v6.o
       100          0          0          0          0         80   rt_memcpy_w.o
         2          0          0          0          0          0   rtexit.o
        10          0          0          0          0          0   rtexit2.o
        12          4          0          0          0         68   sys_exit.o
        74          0          0          0          0         80   sys_stackheap_outer.o
         2          0          0          0          0         68   use_no_semi.o
        10          0          0          0          0        116   fpinit.o

    ----------------------------------------------------------------------
       668         16          0          0         96        988   Library Totals
         4          0          0          0          0          0   (incl. Padding)

    ----------------------------------------------------------------------

      Code (inc. data)   RO Data    RW Data    ZI Data      Debug   Library Name

       654         16          0          0         96        872   c_w.l
        10          0          0          0          0        116   fz_wm.l

    ----------------------------------------------------------------------
       668         16          0          0         96        988   Library Totals

    ----------------------------------------------------------------------

==============================================================================


      Code (inc. data)   RO Data    RW Data    ZI Data      Debug   

     11112        522       1196        100       1852     399546   Grand Totals
     11112        522       1196        100       1852     399546   ELF Image Totals
     11112        522       1196        100          0          0   ROM Totals

==============================================================================

    Total RO  Size (Code + RO Data)                12308 (  12.02kB)
    Total RW  Size (RW Data + ZI Data)              1952 (   1.91kB)
    Total ROM Size (Code + RO Data + RW Data)      12408 (  12.12kB)

==============================================================================

